# https://spheresofpower.wikidot.com/armorist (2026-09-24); numeric progression from the source table.
CLASS:Armorist	HD:10	TYPE:Base.PC	MAXLEVEL:20	STARTSKILLPTS:4	CSKILL:Acrobatics|Climb|TYPE=Craft|Intimidate|Knowledge (Arcana)|Knowledge (Engineering)|Knowledge (Nobility)|Perception|TYPE=Profession|Ride|Spellcraft|Swim|Use Magic Device	BONUS:COMBAT|BASEAB|CL|TYPE=Base.REPLACE	DEFINE:SPHERES_ARMORIST_LEVEL|0	BONUS:VAR|SPHERES_ARMORIST_LEVEL|CL	BONUS:SAVE|BASE.Fortitude|2+floor(CL/2)	BONUS:SAVE|BASE.Reflex|floor(CL/3)	BONUS:SAVE|BASE.Will|2+floor(CL/2)	BONUS:VAR|SPHERES_CASTER_LEVEL,SPHERES_MAGIC_SKILL_BONUS|floor(CL/2)	BONUS:VAR|SPHERES_SPELL_POOL_LEVELS|CL
1	DEFINE:SPHERES_COMBAT_TALENTS|0	ABILITY:Internal|AUTOMATIC|Weapon Prof ~ Simple|Weapon Prof ~ Martial|Armor Prof ~ Light|Armor Prof ~ Medium|Shield Prof	ABILITY:Special Ability|AUTOMATIC|Spheres Casting Core	ABILITY:Special Ability|AUTOMATIC|Armorist Bound Items (Reference)	ABILITY:Special Ability|AUTOMATIC|Armorist Armor Training (Reference)	ABILITY:Special Ability|AUTOMATIC|Armorist Class Features 1
2	ABILITY:Special Ability|AUTOMATIC|Armorist Class Features 2	BONUS:VAR|SPHERES_MAGIC_TALENTS|1
3	ABILITY:Special Ability|AUTOMATIC|Armorist Class Features 3
4	ABILITY:Special Ability|AUTOMATIC|Armorist Class Features 4	BONUS:VAR|SPHERES_MAGIC_TALENTS|1
5	ABILITY:Special Ability|AUTOMATIC|Armorist Class Features 5
6	ABILITY:Special Ability|AUTOMATIC|Armorist Class Features 6	BONUS:VAR|SPHERES_MAGIC_TALENTS|1
7	ABILITY:Special Ability|AUTOMATIC|Armorist Class Features 7
8	ABILITY:Special Ability|AUTOMATIC|Armorist Class Features 8	BONUS:VAR|SPHERES_MAGIC_TALENTS|1
9	ABILITY:Special Ability|AUTOMATIC|Armorist Class Features 9
10	ABILITY:Special Ability|AUTOMATIC|Armorist Class Features 10	BONUS:VAR|SPHERES_MAGIC_TALENTS|1
11	ABILITY:Special Ability|AUTOMATIC|Armorist Class Features 11
12	ABILITY:Special Ability|AUTOMATIC|Armorist Class Features 12	BONUS:VAR|SPHERES_MAGIC_TALENTS|1
13	ABILITY:Special Ability|AUTOMATIC|Armorist Class Features 13
14	ABILITY:Special Ability|AUTOMATIC|Armorist Class Features 14	BONUS:VAR|SPHERES_MAGIC_TALENTS|1
15	ABILITY:Special Ability|AUTOMATIC|Armorist Class Features 15
16	ABILITY:Special Ability|AUTOMATIC|Armorist Class Features 16	BONUS:VAR|SPHERES_MAGIC_TALENTS|1
17	ABILITY:Special Ability|AUTOMATIC|Armorist Class Features 17
18	ABILITY:Special Ability|AUTOMATIC|Armorist Class Features 18	BONUS:VAR|SPHERES_MAGIC_TALENTS|1
19	ABILITY:Special Ability|AUTOMATIC|Armorist Class Features 19
20	ABILITY:Special Ability|AUTOMATIC|Armorist Class Features 20	BONUS:VAR|SPHERES_MAGIC_TALENTS|1
