ABILITYCATEGORY:Commander Battlefield Specialist	CATEGORY:Commander Battlefield Specialist	EDITABLE:YES	EDITPOOL:NO	FRACTIONALPOOL:NO	VISIBLE:QUALIFY	POOL:if(SPHERES_COMMANDER_LEVEL>=3,1,0)+if(SPHERES_COMMANDER_LEVEL>=9,1,0)+if(SPHERES_COMMANDER_LEVEL>=15,1,0)	PLURAL:Commander Battlefield Specialist Choices	DISPLAYLOCATION:Spheres
ABILITYCATEGORY:Commander Logistic Specialty	CATEGORY:Commander Logistic Specialty	EDITABLE:YES	EDITPOOL:NO	FRACTIONALPOOL:NO	VISIBLE:QUALIFY	POOL:if(SPHERES_COMMANDER_LEVEL>=7,1,0)+if(SPHERES_COMMANDER_LEVEL>=13,1,0)+if(SPHERES_COMMANDER_LEVEL>=19,1,0)	PLURAL:Commander Logistic Specialty Choices	DISPLAYLOCATION:Spheres
ABILITYCATEGORY:Commander Enhanced Tactic	CATEGORY:Commander Enhanced Tactic	EDITABLE:YES	EDITPOOL:NO	FRACTIONALPOOL:NO	VISIBLE:QUALIFY	POOL:if(SPHERES_COMMANDER_LEVEL>=2,1,0)+if(SPHERES_COMMANDER_LEVEL>=4,1,0)+if(SPHERES_COMMANDER_LEVEL>=6,1,0)+if(SPHERES_COMMANDER_LEVEL>=8,1,0)+if(SPHERES_COMMANDER_LEVEL>=10,1,0)+if(SPHERES_COMMANDER_LEVEL>=12,1,0)+if(SPHERES_COMMANDER_LEVEL>=14,1,0)+if(SPHERES_COMMANDER_LEVEL>=16,1,0)+if(SPHERES_COMMANDER_LEVEL>=18,1,0)+if(SPHERES_COMMANDER_LEVEL>=20,1,0)	PLURAL:Enhanced Tactics	DISPLAYLOCATION:Spheres
