# https://spheresofpower.wikidot.com/scholar (2026-09-24); numeric progression from the source table.
CLASS:Scholar	HD:6	TYPE:Base.PC	MAXLEVEL:20	STARTSKILLPTS:8	CSKILL:Appraise|Bluff|TYPE=Craft|Diplomacy|Disable Device|Disguise|Escape Artist|Handle Animal|Heal|Intimidate|TYPE=Knowledge|Linguistics|Perception|TYPE=Perform|TYPE=Profession|Sense Motive|Sleight of Hand|Spellcraft|Stealth|Survival|Use Magic Device	BONUS:COMBAT|BASEAB|floor(CL/2)|TYPE=Base.REPLACE	DEFINE:SPHERES_SCHOLAR_LEVEL|0	BONUS:VAR|SPHERES_SCHOLAR_LEVEL|CL	BONUS:SAVE|BASE.Fortitude|floor(CL/3)	BONUS:SAVE|BASE.Reflex|2+floor(CL/2)	BONUS:SAVE|BASE.Will|2+floor(CL/2)	DEFINE:SPHERES_COMBAT_TALENTS|0	DEFINE:SPHERES_PRACTITIONER_MOD|0
1	ABILITY:Internal|AUTOMATIC|Weapon Prof ~ Simple|Armor Prof ~ Light	AUTO:SHIELDPROF|Buckler	ABILITY:Special Ability|AUTOMATIC|Scholar Combat Training	ABILITY:Special Ability|AUTOMATIC|Scholar Class Features 1	DEFINE:SPHERES_SCHOLAR_STUDIED_TECHNIQUE|0	DEFINE:SPHERES_SCHOLAR_MEDICAL_ATTEMPTS_PER_PATIENT|0	BONUS:VAR|SPHERES_SCHOLAR_MEDICAL_ATTEMPTS_PER_PATIENT|max(1,INT)	DEFINE:SPHERES_SCHOLAR_MEDICAL_HP_MULTIPLIER|0	BONUS:VAR|SPHERES_SCHOLAR_MEDICAL_HP_MULTIPLIER|if(SPHERES_SCHOLAR_LEVEL<5,1,if(SPHERES_SCHOLAR_LEVEL<9,2,3))	DEFINE:SPHERES_SCHOLAR_MEDICAL_ABILITY_DAMAGE|0	BONUS:VAR|SPHERES_SCHOLAR_MEDICAL_ABILITY_DAMAGE|if(skillinfo("TOTALRANK","Heal")>=5,1,0)	DEFINE:SPHERES_SCHOLAR_MEDICAL_ABILITY_DRAIN|0	BONUS:VAR|SPHERES_SCHOLAR_MEDICAL_ABILITY_DRAIN|if(SPHERES_SCHOLAR_LEVEL>=5,if(skillinfo("TOTALRANK","Heal")>=8,1,0),0)	DEFINE:SPHERES_SCHOLAR_MEDICAL_REVIVE|0	BONUS:VAR|SPHERES_SCHOLAR_MEDICAL_REVIVE|if(SPHERES_SCHOLAR_LEVEL>=9,if(skillinfo("TOTALRANK","Heal")>=11,1,0),0)	ABILITY:Special Ability|AUTOMATIC|Scholar Problem Solver
2	ABILITY:Special Ability|AUTOMATIC|Scholar Class Features 2	BONUS:VAR|SPHERES_COMBAT_TALENTS|1
3	ABILITY:Special Ability|AUTOMATIC|Scholar Class Features 3
4	ABILITY:Special Ability|AUTOMATIC|Scholar Class Features 4	BONUS:VAR|SPHERES_COMBAT_TALENTS|1
5	ABILITY:Special Ability|AUTOMATIC|Scholar Class Features 5
6	ABILITY:Special Ability|AUTOMATIC|Scholar Class Features 6	BONUS:VAR|SPHERES_COMBAT_TALENTS|1
7	ABILITY:Special Ability|AUTOMATIC|Scholar Class Features 7
8	ABILITY:Special Ability|AUTOMATIC|Scholar Class Features 8	BONUS:VAR|SPHERES_COMBAT_TALENTS|1
9	ABILITY:Special Ability|AUTOMATIC|Scholar Class Features 9
10	ABILITY:Special Ability|AUTOMATIC|Scholar Class Features 10	BONUS:VAR|SPHERES_COMBAT_TALENTS|1
11	ABILITY:Special Ability|AUTOMATIC|Scholar Class Features 11
12	ABILITY:Special Ability|AUTOMATIC|Scholar Class Features 12	BONUS:VAR|SPHERES_COMBAT_TALENTS|1
13	ABILITY:Special Ability|AUTOMATIC|Scholar Class Features 13
14	ABILITY:Special Ability|AUTOMATIC|Scholar Class Features 14	BONUS:VAR|SPHERES_COMBAT_TALENTS|1
15	ABILITY:Special Ability|AUTOMATIC|Scholar Class Features 15
16	ABILITY:Special Ability|AUTOMATIC|Scholar Class Features 16	BONUS:VAR|SPHERES_COMBAT_TALENTS|1
17	ABILITY:Special Ability|AUTOMATIC|Scholar Class Features 17
18	ABILITY:Special Ability|AUTOMATIC|Scholar Class Features 18	BONUS:VAR|SPHERES_COMBAT_TALENTS|1
19	ABILITY:Special Ability|AUTOMATIC|Scholar Class Features 19
20	ABILITY:Special Ability|AUTOMATIC|Scholar Class Features 20	BONUS:VAR|SPHERES_COMBAT_TALENTS|1
