# https://spheresofpower.wikidot.com/fey-adept (2026-09-24); numeric progression from the source table.
CLASS:Fey Adept	HD:6	TYPE:Base.PC	MAXLEVEL:20	STARTSKILLPTS:4	CSKILL:Appraise|Bluff|TYPE=Craft|Disguise|Escape Artist|Intimidate|Knowledge (Arcana)|Knowledge (Local)|Knowledge (Nature)|Linguistics|Perception|TYPE=Perform|Sense Motive|Sleight of Hand|Spellcraft|Stealth|Use Magic Device	BONUS:COMBAT|BASEAB|floor(CL/2)|TYPE=Base.REPLACE	DEFINE:SPHERES_FEY_ADEPT_LEVEL|0	BONUS:VAR|SPHERES_FEY_ADEPT_LEVEL|CL	BONUS:SAVE|BASE.Fortitude|floor(CL/3)	BONUS:SAVE|BASE.Reflex|floor(CL/3)	BONUS:SAVE|BASE.Will|2+floor(CL/2)	BONUS:VAR|SPHERES_CASTER_LEVEL,SPHERES_MAGIC_SKILL_BONUS|CL	BONUS:VAR|SPHERES_SPELL_POOL_LEVELS|CL
1	ABILITY:Internal|AUTOMATIC|Weapon Prof ~ Simple	ABILITY:Special Ability|AUTOMATIC|Spheres Casting Core	ABILITY:Special Ability|AUTOMATIC|Fey Adept Shadowmark Dice (Reference)	ABILITY:Special Ability|AUTOMATIC|Fey Adept Shadowmark Die Size (Reference)	ABILITY:Special Ability|AUTOMATIC|Fey Adept Shadow Points (Reference)	ABILITY:Special Ability|AUTOMATIC|Fey Adept Shadowmark Penalty (Reference)	ABILITY:Special Ability|AUTOMATIC|Fey Adept Master Illusionist Rounds (Reference)	ABILITY:Special Ability|AUTOMATIC|Fey Adept Truesight Uses (Reference)	ABILITY:Special Ability|AUTOMATIC|Fey Adept Class Features 1	BONUS:VAR|SPHERES_MAGIC_TALENTS|1	ABILITY:Special Ability|AUTOMATIC|Fey Adept Sphere Mastery
2	VISION:Darkvision (30')	BONUS:VISION|Darkvision|30	ABILITY:Special Ability|AUTOMATIC|Fey Adept Class Features 2	BONUS:VAR|SPHERES_MAGIC_TALENTS|1
3	ABILITY:Special Ability|AUTOMATIC|Fey Adept Class Features 3	BONUS:VAR|SPHERES_MAGIC_TALENTS|1
4	ABILITY:Special Ability|AUTOMATIC|Fey Adept Class Features 4	BONUS:VAR|SPHERES_MAGIC_TALENTS|1
5	ABILITY:Special Ability|AUTOMATIC|Fey Adept Class Features 5	BONUS:VAR|SPHERES_MAGIC_TALENTS|1
6	ABILITY:Special Ability|AUTOMATIC|Fey Adept Class Features 6	BONUS:VAR|SPHERES_MAGIC_TALENTS|1
7	ABILITY:Special Ability|AUTOMATIC|Fey Adept Class Features 7	BONUS:VAR|SPHERES_MAGIC_TALENTS|1
8	ABILITY:Special Ability|AUTOMATIC|Fey Adept Class Features 8	BONUS:VAR|SPHERES_MAGIC_TALENTS|1
9	ABILITY:Special Ability|AUTOMATIC|Fey Adept Class Features 9	BONUS:VAR|SPHERES_MAGIC_TALENTS|1
10	ABILITY:Special Ability|AUTOMATIC|Fey Adept Class Features 10	BONUS:VAR|SPHERES_MAGIC_TALENTS|1
11	ABILITY:Special Ability|AUTOMATIC|Fey Adept Class Features 11	BONUS:VAR|SPHERES_MAGIC_TALENTS|1
12	ABILITY:Special Ability|AUTOMATIC|Fey Adept Class Features 12	BONUS:VAR|SPHERES_MAGIC_TALENTS|1
13	ABILITY:Special Ability|AUTOMATIC|Fey Adept Class Features 13	BONUS:VAR|SPHERES_MAGIC_TALENTS|1
14	ABILITY:Special Ability|AUTOMATIC|Fey Adept See in Darkness	ABILITY:Special Ability|AUTOMATIC|Fey Adept Class Features 14	BONUS:VAR|SPHERES_MAGIC_TALENTS|1
15	ABILITY:Special Ability|AUTOMATIC|Fey Adept Class Features 15	BONUS:VAR|SPHERES_MAGIC_TALENTS|1
16	ABILITY:Special Ability|AUTOMATIC|Fey Adept Class Features 16	BONUS:VAR|SPHERES_MAGIC_TALENTS|1
17	ABILITY:Special Ability|AUTOMATIC|Fey Adept Class Features 17	BONUS:VAR|SPHERES_MAGIC_TALENTS|1
18	ABILITY:Special Ability|AUTOMATIC|Fey Adept Class Features 18	BONUS:VAR|SPHERES_MAGIC_TALENTS|1
19	ABILITY:Special Ability|AUTOMATIC|Fey Adept Class Features 19	BONUS:VAR|SPHERES_MAGIC_TALENTS|1
20	ABILITY:Special Ability|AUTOMATIC|Fey Adept Feytouched	ABILITY:Special Ability|AUTOMATIC|Fey Adept Class Features 20	BONUS:VAR|SPHERES_MAGIC_TALENTS|1
