# Generated by tools/spheres_traditions.py.
ABILITYCATEGORY:Custom Sphere Drawback	CATEGORY:Custom Sphere Drawback	EDITABLE:YES	EDITPOOL:NO	FRACTIONALPOOL:NO	VISIBLE:QUALIFY	POOL:SPHERES_MAGIC_TALENTS	PLURAL:Sphere-Specific Drawbacks	DISPLAYLOCATION:Spheres
ABILITYCATEGORY:Custom Alteration Drawback Talent	CATEGORY:Spheres Magic Talent	TYPE:SpheresBasicTalent.Alteration	EDITABLE:YES	EDITPOOL:NO	FRACTIONALPOOL:NO	VISIBLE:QUALIFY	POOL:0	PLURAL:Alteration Drawback Talents	DISPLAYLOCATION:Spheres
ABILITYCATEGORY:Custom Blood Drawback Talent	CATEGORY:Spheres Magic Talent	TYPE:SpheresBasicTalent.Blood	EDITABLE:YES	EDITPOOL:NO	FRACTIONALPOOL:NO	VISIBLE:QUALIFY	POOL:0	PLURAL:Blood Drawback Talents	DISPLAYLOCATION:Spheres
ABILITYCATEGORY:Custom Conjuration Drawback Talent	CATEGORY:Spheres Magic Talent	TYPE:SpheresBasicTalent.Conjuration	EDITABLE:YES	EDITPOOL:NO	FRACTIONALPOOL:NO	VISIBLE:QUALIFY	POOL:0	PLURAL:Conjuration Drawback Talents	DISPLAYLOCATION:Spheres
ABILITYCATEGORY:Custom Creation Drawback Talent	CATEGORY:Spheres Magic Talent	TYPE:SpheresBasicTalent.Creation	EDITABLE:YES	EDITPOOL:NO	FRACTIONALPOOL:NO	VISIBLE:QUALIFY	POOL:0	PLURAL:Creation Drawback Talents	DISPLAYLOCATION:Spheres
ABILITYCATEGORY:Custom Dark Drawback Talent	CATEGORY:Spheres Magic Talent	TYPE:SpheresBasicTalent.Dark	EDITABLE:YES	EDITPOOL:NO	FRACTIONALPOOL:NO	VISIBLE:QUALIFY	POOL:0	PLURAL:Dark Drawback Talents	DISPLAYLOCATION:Spheres
ABILITYCATEGORY:Custom Death Drawback Talent	CATEGORY:Spheres Magic Talent	TYPE:SpheresBasicTalent.Death	EDITABLE:YES	EDITPOOL:NO	FRACTIONALPOOL:NO	VISIBLE:QUALIFY	POOL:0	PLURAL:Death Drawback Talents	DISPLAYLOCATION:Spheres
ABILITYCATEGORY:Custom Destruction Drawback Talent	CATEGORY:Spheres Magic Talent	TYPE:SpheresBasicTalent.Destruction	EDITABLE:YES	EDITPOOL:NO	FRACTIONALPOOL:NO	VISIBLE:QUALIFY	POOL:0	PLURAL:Destruction Drawback Talents	DISPLAYLOCATION:Spheres
ABILITYCATEGORY:Custom Divination Drawback Talent	CATEGORY:Spheres Magic Talent	TYPE:SpheresBasicTalent.Divination	EDITABLE:YES	EDITPOOL:NO	FRACTIONALPOOL:NO	VISIBLE:QUALIFY	POOL:0	PLURAL:Divination Drawback Talents	DISPLAYLOCATION:Spheres
ABILITYCATEGORY:Custom Enhancement Drawback Talent	CATEGORY:Spheres Magic Talent	TYPE:SpheresBasicTalent.Enhancement	EDITABLE:YES	EDITPOOL:NO	FRACTIONALPOOL:NO	VISIBLE:QUALIFY	POOL:0	PLURAL:Enhancement Drawback Talents	DISPLAYLOCATION:Spheres
ABILITYCATEGORY:Custom Fallen Fey Drawback Talent	CATEGORY:Spheres Magic Talent	TYPE:SpheresBasicTalent.Fallen Fey	EDITABLE:YES	EDITPOOL:NO	FRACTIONALPOOL:NO	VISIBLE:QUALIFY	POOL:0	PLURAL:Fallen Fey Drawback Talents	DISPLAYLOCATION:Spheres
ABILITYCATEGORY:Custom Fate Drawback Talent	CATEGORY:Spheres Magic Talent	TYPE:SpheresBasicTalent.Fate	EDITABLE:YES	EDITPOOL:NO	FRACTIONALPOOL:NO	VISIBLE:QUALIFY	POOL:0	PLURAL:Fate Drawback Talents	DISPLAYLOCATION:Spheres
ABILITYCATEGORY:Custom Illusion Drawback Talent	CATEGORY:Spheres Magic Talent	TYPE:SpheresBasicTalent.Illusion	EDITABLE:YES	EDITPOOL:NO	FRACTIONALPOOL:NO	VISIBLE:QUALIFY	POOL:0	PLURAL:Illusion Drawback Talents	DISPLAYLOCATION:Spheres
ABILITYCATEGORY:Custom Life Drawback Talent	CATEGORY:Spheres Magic Talent	TYPE:SpheresBasicTalent.Life	EDITABLE:YES	EDITPOOL:NO	FRACTIONALPOOL:NO	VISIBLE:QUALIFY	POOL:0	PLURAL:Life Drawback Talents	DISPLAYLOCATION:Spheres
ABILITYCATEGORY:Custom Light Drawback Talent	CATEGORY:Spheres Magic Talent	TYPE:SpheresBasicTalent.Light	EDITABLE:YES	EDITPOOL:NO	FRACTIONALPOOL:NO	VISIBLE:QUALIFY	POOL:0	PLURAL:Light Drawback Talents	DISPLAYLOCATION:Spheres
ABILITYCATEGORY:Custom Mana Drawback Talent	CATEGORY:Spheres Magic Talent	TYPE:SpheresBasicTalent.Mana	EDITABLE:YES	EDITPOOL:NO	FRACTIONALPOOL:NO	VISIBLE:QUALIFY	POOL:0	PLURAL:Mana Drawback Talents	DISPLAYLOCATION:Spheres
ABILITYCATEGORY:Custom Mind Drawback Talent	CATEGORY:Spheres Magic Talent	TYPE:SpheresBasicTalent.Mind	EDITABLE:YES	EDITPOOL:NO	FRACTIONALPOOL:NO	VISIBLE:QUALIFY	POOL:0	PLURAL:Mind Drawback Talents	DISPLAYLOCATION:Spheres
ABILITYCATEGORY:Custom Nature Drawback Talent	CATEGORY:Spheres Magic Talent	TYPE:SpheresBasicTalent.Nature	EDITABLE:YES	EDITPOOL:NO	FRACTIONALPOOL:NO	VISIBLE:QUALIFY	POOL:0	PLURAL:Nature Drawback Talents	DISPLAYLOCATION:Spheres
ABILITYCATEGORY:Custom Protection Drawback Talent	CATEGORY:Spheres Magic Talent	TYPE:SpheresBasicTalent.Protection	EDITABLE:YES	EDITPOOL:NO	FRACTIONALPOOL:NO	VISIBLE:QUALIFY	POOL:0	PLURAL:Protection Drawback Talents	DISPLAYLOCATION:Spheres
ABILITYCATEGORY:Custom Technomancy Drawback Talent	CATEGORY:Spheres Magic Talent	TYPE:SpheresBasicTalent.Technomancy	EDITABLE:YES	EDITPOOL:NO	FRACTIONALPOOL:NO	VISIBLE:QUALIFY	POOL:0	PLURAL:Technomancy Drawback Talents	DISPLAYLOCATION:Spheres
ABILITYCATEGORY:Custom Telekinesis Drawback Talent	CATEGORY:Spheres Magic Talent	TYPE:SpheresBasicTalent.Telekinesis	EDITABLE:YES	EDITPOOL:NO	FRACTIONALPOOL:NO	VISIBLE:QUALIFY	POOL:0	PLURAL:Telekinesis Drawback Talents	DISPLAYLOCATION:Spheres
ABILITYCATEGORY:Custom Time Drawback Talent	CATEGORY:Spheres Magic Talent	TYPE:SpheresBasicTalent.Time	EDITABLE:YES	EDITPOOL:NO	FRACTIONALPOOL:NO	VISIBLE:QUALIFY	POOL:0	PLURAL:Time Drawback Talents	DISPLAYLOCATION:Spheres
ABILITYCATEGORY:Custom War Drawback Talent	CATEGORY:Spheres Magic Talent	TYPE:SpheresBasicTalent.War	EDITABLE:YES	EDITPOOL:NO	FRACTIONALPOOL:NO	VISIBLE:QUALIFY	POOL:0	PLURAL:War Drawback Talents	DISPLAYLOCATION:Spheres
ABILITYCATEGORY:Custom Warp Drawback Talent	CATEGORY:Spheres Magic Talent	TYPE:SpheresBasicTalent.Warp	EDITABLE:YES	EDITPOOL:NO	FRACTIONALPOOL:NO	VISIBLE:QUALIFY	POOL:0	PLURAL:Warp Drawback Talents	DISPLAYLOCATION:Spheres
ABILITYCATEGORY:Custom Weather Drawback Talent	CATEGORY:Spheres Magic Talent	TYPE:SpheresBasicTalent.Weather	EDITABLE:YES	EDITPOOL:NO	FRACTIONALPOOL:NO	VISIBLE:QUALIFY	POOL:0	PLURAL:Weather Drawback Talents	DISPLAYLOCATION:Spheres
