Reviewed - Alteration - Energy Manipulation	CATEGORY:Spheres Advanced Talent Adjudication	COST:0	DESC:GM approval required; unresolved prerequisites: Alteration sphere (any talent granting energy resistance as a trait option)
Reviewed - Alteration - Star-Spawn Body	CATEGORY:Spheres Advanced Talent Adjudication	COST:0	DESC:GM approval required; unresolved prerequisites: Alteration sphere (Aberrant Body (body) or Cosmic Body (body))
Reviewed - Conjuration - Greater Healing	CATEGORY:Spheres Advanced Talent Adjudication	COST:0	DESC:GM approval required; unresolved prerequisites: companion with 3 Hit Dice or greater
Reviewed - Conjuration - Incursion Link	CATEGORY:Spheres Advanced Talent Adjudication	COST:0	DESC:GM approval required; unresolved prerequisites: Spell Conduit x2; Spell-Linked Companion
Reviewed - Creation - Costly Creation	CATEGORY:Spheres Advanced Talent Adjudication	COST:0	DESC:GM approval required; unresolved prerequisites: Creation sphere (Expanded Materials (material), Lengthened Creation, either [Change Material (alter), Forge (alter) and Permanent Change (advanced)] or [Create Materials (advanced)])
Reviewed - Creation - Fleshcraft	CATEGORY:Spheres Advanced Talent Adjudication	COST:0	DESC:GM approval required; unresolved prerequisites: Creation sphere (any (material) talent)
Reviewed - Creation - Internal Creation	CATEGORY:Spheres Advanced Talent Adjudication	COST:0	DESC:GM approval required; unresolved prerequisites: Distant Creation [range]
Reviewed - Creation - Material Body	CATEGORY:Spheres Advanced Talent Adjudication	COST:0	DESC:GM approval required; unresolved prerequisites: Creation sphere (any (material) talent, Change Material (alter))
Reviewed - Creation - Mythical Material Maker	CATEGORY:Spheres Advanced Talent Adjudication	COST:0	DESC:GM approval required; unresolved prerequisites: Creation sphere (any (material) talent)
Reviewed - Creation - Sustenance	CATEGORY:Spheres Advanced Talent Adjudication	COST:0	DESC:GM approval required; unresolved prerequisites: Creation
Reviewed - Death - Deadlord’s Reach	CATEGORY:Spheres Advanced Talent Adjudication	COST:0	DESC:GM approval required; unresolved prerequisites: Death sphere (Icy Grip, any one (dominion) talent)
Reviewed - Death - Entwined Ruin	CATEGORY:Spheres Advanced Talent Adjudication	COST:0	DESC:GM approval required; unresolved prerequisites: no prerequisite clause
Reviewed - Death - Greater Curse	CATEGORY:Spheres Advanced Talent Adjudication	COST:0	DESC:GM approval required; unresolved prerequisites: Curse (ghost strike)
Reviewed - Death - Killing Gaze	CATEGORY:Spheres Advanced Talent Adjudication	COST:0	DESC:GM approval required; unresolved prerequisites: no prerequisite clause
Reviewed - Death - Mercy Killing	CATEGORY:Spheres Advanced Talent Adjudication	COST:0	DESC:GM approval required; unresolved prerequisites: Death sphere (Corpse Manipulation or Killing Curse)
Reviewed - Destruction - Blast Juggler	CATEGORY:Spheres Advanced Talent Adjudication	COST:0	DESC:GM approval required; unresolved prerequisites: Destruction Sphere (Energy Cloud or Energy Sphere)
Reviewed - Destruction - Calamity	CATEGORY:Spheres Advanced Talent Adjudication	COST:0	DESC:GM approval required; unresolved prerequisites: Destruction sphere (Explosive Orb (blast shape) or Sculpt Blast (blast shape))
Reviewed - Destruction - Crystal Cocoon	CATEGORY:Spheres Advanced Talent Adjudication	COST:0	DESC:GM approval required; unresolved prerequisites: Destruction sphere (any two (blast type) talents in the crystal blast type group including either Crystal Blast or Living Crystal Blast)
Reviewed - Destruction - Destructive Verticality	CATEGORY:Spheres Advanced Talent Adjudication	COST:0	DESC:GM approval required; unresolved prerequisites: Destruction Sphere (Energy Sphere, Explosive Orb, or Sculpt Blast)
Reviewed - Destruction - Extreme Range	CATEGORY:Spheres Advanced Talent Adjudication	COST:0	DESC:GM approval required; unresolved prerequisites: Extended Range [range] x2
Reviewed - Destruction - Impact Burst	CATEGORY:Spheres Advanced Talent Adjudication	COST:0	DESC:GM approval required; unresolved prerequisites: Destruction Sphere (Energy Strike, any (blast shape) talent which can target an area)
Reviewed - Destruction - Magnifying Blast	CATEGORY:Spheres Advanced Talent Adjudication	COST:0	DESC:GM approval required; unresolved prerequisites: Energy Strike [strike]
Reviewed - Destruction - Radiation Blast	CATEGORY:Spheres Advanced Talent Adjudication	COST:0	DESC:GM approval required; unresolved prerequisites: Destruction sphere (any two (blast type) talents in the fire blast type group)
Reviewed - Divination - Discern Location	CATEGORY:Spheres Advanced Talent Adjudication	COST:0	DESC:GM approval required; unresolved prerequisites: Greater Divine [range]
Reviewed - Divination - Greater Scrying	CATEGORY:Spheres Advanced Talent Adjudication	COST:0	DESC:GM approval required; unresolved prerequisites: Greater Divine [range]
Reviewed - Divination - Otherworldly Viewing	CATEGORY:Spheres Advanced Talent Adjudication	COST:0	DESC:GM approval required; unresolved prerequisites: Greater Divine [range]
Reviewed - Divination - Scrying	CATEGORY:Spheres Advanced Talent Adjudication	COST:0	DESC:GM approval required; unresolved prerequisites: Greater Divine [range]
Reviewed - Enhancement - Referential Enhancements	CATEGORY:Spheres Advanced Talent Adjudication	COST:0	DESC:GM approval required; unresolved prerequisites: Mass Enhancement [mass]
Reviewed - Enhancement - Vicious Accuracy	CATEGORY:Spheres Advanced Talent Adjudication	COST:0	DESC:GM approval required; unresolved prerequisites: causing any attack rolls made with the weapon to use a d24 rather than a d20 (if the attack roll would normally use a d16, use a d20 instead. If the attack roll would already use a d24, use a d30 instead)
Reviewed - Fallen Fey - Banish to Faerie	CATEGORY:Spheres Advanced Talent Adjudication	COST:0	DESC:GM approval required; unresolved prerequisites: 8th caster or higher
Reviewed - Fallen Fey - Fairy Ring Traveler	CATEGORY:Spheres Advanced Talent Adjudication	COST:0	DESC:GM approval required; unresolved prerequisites: 5th caster or higher
Reviewed - Fate - Death	CATEGORY:Spheres Advanced Talent Adjudication	COST:0	DESC:GM approval required; unresolved prerequisites: one (motif) talent
Reviewed - Fate - Execration	CATEGORY:Spheres Advanced Talent Adjudication	COST:0	DESC:GM approval required; unresolved prerequisites: at least one [curse] (word) talent
Reviewed - Fate - The High Priestess	CATEGORY:Spheres Advanced Talent Adjudication	COST:0	DESC:GM approval required; unresolved prerequisites: one (motif) talent
Reviewed - Fate - Weave The Fates	CATEGORY:Spheres Advanced Talent Adjudication	COST:0	DESC:GM approval required; unresolved prerequisites: Fate sphere (any one (motif), any one (arcana))
Reviewed - Illusion - Distant Deception	CATEGORY:Spheres Advanced Talent Adjudication	COST:0	DESC:GM approval required; unresolved prerequisites: Ranged Illusion [range] x2
Reviewed - Illusion - Phantom Pain	CATEGORY:Spheres Advanced Talent Adjudication	COST:0	DESC:GM approval required; unresolved prerequisites: no prerequisite clause
Reviewed - Life - Resurrection Supreme	CATEGORY:Spheres Advanced Talent Adjudication	COST:0	DESC:GM approval required; unresolved prerequisites: Greater Resurrection (advanced)
Reviewed - Mana - Eternal Shackles	CATEGORY:Spheres Advanced Talent Adjudication	COST:0	DESC:GM approval required; unresolved prerequisites: Ranged Mana x2
Reviewed - Mana - Great Amplification	CATEGORY:Spheres Advanced Talent Adjudication	COST:0	DESC:GM approval required; unresolved prerequisites: at least one (amp) talent
Reviewed - Mana - Harness Ambient Knowledge	CATEGORY:Spheres Advanced Talent Adjudication	COST:0	DESC:GM approval required; unresolved prerequisites: Counterspell; magic skill bonus +5
Reviewed - Mana - Infinite Bond	CATEGORY:Spheres Advanced Talent Adjudication	COST:0	DESC:GM approval required; unresolved prerequisites: Ranged Mana [range] x2
Reviewed - Mana - Limited Manifestation	CATEGORY:Spheres Advanced Talent Adjudication	COST:0	DESC:GM approval required; unresolved prerequisites: at least 3 other spheres known
Reviewed - Mana - Manifestation	CATEGORY:Spheres Advanced Talent Adjudication	COST:0	DESC:GM approval required; unresolved prerequisites: at least 3 other spheres known
Reviewed - Mana - Mark Of Incompetency	CATEGORY:Spheres Advanced Talent Adjudication	COST:0	DESC:GM approval required; unresolved prerequisites: no prerequisite clause
Reviewed - Mana - Reactive Shuffle	CATEGORY:Spheres Advanced Talent Adjudication	COST:0	DESC:GM approval required; unresolved prerequisites: no prerequisite clause
Reviewed - Mana - Ties That Bind	CATEGORY:Spheres Advanced Talent Adjudication	COST:0	DESC:GM approval required; unresolved prerequisites: Ranged Mana x2
Reviewed - Mind - Memetic Link	CATEGORY:Spheres Advanced Talent Adjudication	COST:0	DESC:GM approval required; unresolved prerequisites: Mass Charm [mass]
Reviewed - Mind - Zeitgeist	CATEGORY:Spheres Advanced Talent Adjudication	COST:0	DESC:GM approval required; unresolved prerequisites: Mass Charm [mass]
Reviewed - Nature - Cyclone	CATEGORY:Spheres Advanced Talent Adjudication	COST:0	DESC:GM approval required; unresolved prerequisites: (air) package
Reviewed - Nature - Earthquake	CATEGORY:Spheres Advanced Talent Adjudication	COST:0	DESC:GM approval required; unresolved prerequisites: (earth) package
Reviewed - Nature - Eternal Steel	CATEGORY:Spheres Advanced Talent Adjudication	COST:0	DESC:GM approval required; unresolved prerequisites: (metal) package; (plant) package
Reviewed - Nature - Freezing Geyser	CATEGORY:Spheres Advanced Talent Adjudication	COST:0	DESC:GM approval required; unresolved prerequisites: (fire) and (water) package
Reviewed - Nature - Living Steel	CATEGORY:Spheres Advanced Talent Adjudication	COST:0	DESC:GM approval required; unresolved prerequisites: (metal) package; (plant) package
Reviewed - Nature - Materials Of Legend	CATEGORY:Spheres Advanced Talent Adjudication	COST:0	DESC:GM approval required; unresolved prerequisites: (metal) package
Reviewed - Nature - Persistent Fog Cloud	CATEGORY:Spheres Advanced Talent Adjudication	COST:0	DESC:GM approval required; unresolved prerequisites: (water) package
Reviewed - Nature - Phoenix Resurgence	CATEGORY:Spheres Advanced Talent Adjudication	COST:0	DESC:GM approval required; unresolved prerequisites: (fire) package
Reviewed - Nature - Rapid Growth	CATEGORY:Spheres Advanced Talent Adjudication	COST:0	DESC:GM approval required; unresolved prerequisites: (plant) package
Reviewed - Nature - Tsunami	CATEGORY:Spheres Advanced Talent Adjudication	COST:0	DESC:GM approval required; unresolved prerequisites: (water) package
Reviewed - Nature - Volcano	CATEGORY:Spheres Advanced Talent Adjudication	COST:0	DESC:GM approval required; unresolved prerequisites: (fire) package
Reviewed - Nature - Wildfire	CATEGORY:Spheres Advanced Talent Adjudication	COST:0	DESC:GM approval required; unresolved prerequisites: (fire) package; Ranged Geomancy [range] x2
Reviewed - Protection - Undying	CATEGORY:Spheres Advanced Talent Adjudication	COST:0	DESC:GM approval required; unresolved prerequisites: Deathless (aegis)
Reviewed - Warp - Brutalizing Shunt	CATEGORY:Spheres Advanced Talent Adjudication	COST:0	DESC:GM approval required; unresolved prerequisites: Warp sphere (Create Gap (space) or Unseeing Teleport)
Reviewed - Warp - Dimensional Tracery	CATEGORY:Spheres Advanced Talent Adjudication	COST:0	DESC:GM approval required; unresolved prerequisites: Warp Sphere (teleport beacon or warp link)
Reviewed - Warp - Enduring Portal	CATEGORY:Spheres Advanced Talent Adjudication	COST:0	DESC:GM approval required; unresolved prerequisites: Mass Teleport [mass]
Reviewed - Warp - Group Teleport	CATEGORY:Spheres Advanced Talent Adjudication	COST:0	DESC:GM approval required; unresolved prerequisites: Mass Teleport [mass]; Ranged Warp [range]
Reviewed - Warp - Portal	CATEGORY:Spheres Advanced Talent Adjudication	COST:0	DESC:GM approval required; unresolved prerequisites: Mass Teleport [mass]
Reviewed - Warp - Portal Interstice	CATEGORY:Spheres Advanced Talent Adjudication	COST:0	DESC:GM approval required; unresolved prerequisites: Mass Teleport [mass]
Reviewed - Warp - Portal Network	CATEGORY:Spheres Advanced Talent Adjudication	COST:0	DESC:GM approval required; unresolved prerequisites: Mass Teleport [mass]
Reviewed - Weather - Climate	CATEGORY:Spheres Advanced Talent Adjudication	COST:0	DESC:GM approval required; unresolved prerequisites: Greater Size [range]
Reviewed - Weather - Fire Tornadoes	CATEGORY:Spheres Advanced Talent Adjudication	COST:0	DESC:GM approval required; unresolved prerequisites: (fire) package
Reviewed - Weather - Volcano Lord	CATEGORY:Spheres Advanced Talent Adjudication	COST:0	DESC:GM approval required; unresolved prerequisites: (earth) package; (fire) package
Reviewed - Bear - Antarctic Circle	CATEGORY:Spheres Advanced Talent Adjudication	COST:0	DESC:GM approval required; unresolved prerequisites: 5th caster level or higher
Reviewed - Bear - Arctic Circle	CATEGORY:Spheres Advanced Talent Adjudication	COST:0	DESC:GM approval required; unresolved prerequisites: Antarctic Circle; 10th caster level or higher
Reviewed - Veilweaving - Bloodbinder	CATEGORY:Spheres Advanced Talent Adjudication	COST:0	DESC:GM approval required; unresolved prerequisites: Bind Obscure Chakra; ability to bind Blood veils
Reviewed - Veilweaving - Improved Shift Veil	CATEGORY:Spheres Advanced Talent Adjudication	COST:0	DESC:GM approval required; unresolved prerequisites: Shift Veil; must be able to bind veils to a chakra slot
Reviewed - Veilweaving - Obscure Chakra	CATEGORY:Spheres Advanced Talent Adjudication	COST:0	DESC:GM approval required; unresolved prerequisites: Any (tradition) Veilweaving talent
Reviewed - Veilweaving - Bind Obscure Chakra	CATEGORY:Spheres Advanced Talent Adjudication	COST:0	DESC:GM approval required; unresolved prerequisites: Obscure Chakra
