# https://spheresofpower.wikidot.com/technician (2026-09-24); numeric progression from the source table.
CLASS:Technician	HD:8	TYPE:Base.PC	MAXLEVEL:20	STARTSKILLPTS:6	CSKILL:Appraise|Bluff|Climb|TYPE=Craft|Diplomacy|Disable Device|Knowledge (Dungeoneering)|Knowledge (Engineering)|Knowledge (Geography)|Knowledge (Local)|Linguistics|Perception|TYPE=Profession|Sense Motive|Sleight of Hand|Stealth|Swim|Use Magic Device	BONUS:COMBAT|BASEAB|floor(CL*3/4)|TYPE=Base.REPLACE	DEFINE:SPHERES_TECHNICIAN_LEVEL|0	BONUS:VAR|SPHERES_TECHNICIAN_LEVEL|CL	DEFINE:SPHERES_EXTRA_TECHNICIAN_OPTIONS|0	BONUS:SAVE|BASE.Fortitude|floor(CL/3)	BONUS:SAVE|BASE.Reflex|2+floor(CL/2)	BONUS:SAVE|BASE.Will|2+floor(CL/2)	DEFINE:SPHERES_COMBAT_TALENTS|0	DEFINE:SPHERES_PRACTITIONER_MOD|0
1	ABILITY:Internal|AUTOMATIC|Weapon Prof ~ Simple|Armor Prof ~ Light	AUTO:SHIELDPROF|Buckler	ABILITY:Special Ability|AUTOMATIC|Technician Combat Training	ABILITY:Special Ability|AUTOMATIC|Technician Trapfinding (Reference)	ABILITY:Special Ability|AUTOMATIC|Technician Improvements Per Invention (Reference)	ABILITY:Special Ability|AUTOMATIC|Technician Class Features 1	DEFINE:SPHERES_TECHNICIAN_INTUITION|0	DEFINE:SPHERES_TECHNICIAN_LUCK|0	DEFINE:SPHERES_TECHNICIAN_GADGETS|0	BONUS:VAR|SPHERES_TECHNICIAN_GADGETS|max(1,floor(SPHERES_TECHNICIAN_LEVEL/2)+INT)	DEFINE:SPHERES_TECHNICIAN_GADGET_DC|0	BONUS:VAR|SPHERES_TECHNICIAN_GADGET_DC|10+floor(SPHERES_TECHNICIAN_LEVEL/2)+INT	BONUS:SKILL|Knowledge (Engineering)|floor(SPHERES_TECHNICIAN_LEVEL/2)|PREVARGTEQ:SPHERES_TECHNICIAN_LEVEL,2	ABILITY:Special Ability|AUTOMATIC|Technician Trap Specialist
2	ABILITY:Special Ability|AUTOMATIC|Technician Class Features 2	BONUS:VAR|SPHERES_COMBAT_TALENTS|1
3	ABILITY:Special Ability|AUTOMATIC|Technician Class Features 3	BONUS:VAR|SPHERES_COMBAT_TALENTS|1
4	ABILITY:Special Ability|AUTOMATIC|Technician Class Features 4	BONUS:VAR|SPHERES_COMBAT_TALENTS|1
5	ABILITY:Special Ability|AUTOMATIC|Technician Class Features 5
6	ABILITY:Special Ability|AUTOMATIC|Technician Class Features 6	BONUS:VAR|SPHERES_COMBAT_TALENTS|1
7	ABILITY:Special Ability|AUTOMATIC|Technician Class Features 7	BONUS:VAR|SPHERES_COMBAT_TALENTS|1
8	ABILITY:Special Ability|AUTOMATIC|Technician Class Features 8	BONUS:VAR|SPHERES_COMBAT_TALENTS|1
9	ABILITY:Special Ability|AUTOMATIC|Technician Class Features 9
10	ABILITY:Special Ability|AUTOMATIC|Technician Class Features 10	BONUS:VAR|SPHERES_COMBAT_TALENTS|1
11	ABILITY:Special Ability|AUTOMATIC|Technician Class Features 11	BONUS:VAR|SPHERES_COMBAT_TALENTS|1
12	ABILITY:Special Ability|AUTOMATIC|Technician Class Features 12	BONUS:VAR|SPHERES_COMBAT_TALENTS|1
13	ABILITY:Special Ability|AUTOMATIC|Technician Class Features 13
14	ABILITY:Special Ability|AUTOMATIC|Technician Class Features 14	BONUS:VAR|SPHERES_COMBAT_TALENTS|1
15	ABILITY:Special Ability|AUTOMATIC|Technician Class Features 15	BONUS:VAR|SPHERES_COMBAT_TALENTS|1
16	ABILITY:Special Ability|AUTOMATIC|Technician Class Features 16	BONUS:VAR|SPHERES_COMBAT_TALENTS|1
17	ABILITY:Special Ability|AUTOMATIC|Technician Class Features 17
18	ABILITY:Special Ability|AUTOMATIC|Technician Class Features 18	BONUS:VAR|SPHERES_COMBAT_TALENTS|1
19	ABILITY:Special Ability|AUTOMATIC|Technician Class Features 19	BONUS:VAR|SPHERES_COMBAT_TALENTS|1
20	ABILITY:Special Ability|AUTOMATIC|Technician Class Features 20	BONUS:VAR|SPHERES_COMBAT_TALENTS|1
