# Generated by tools/spheres_incanter_specializations.py.
ABILITYCATEGORY:Incanter Alteration Specialization Talent	CATEGORY:Spheres Magic Talent	TYPE:SpheresBasicTalent.Alteration	EDITABLE:YES	EDITPOOL:NO	FRACTIONALPOOL:NO	VISIBLE:QUALIFY	POOL:0	PLURAL:Alteration Specialization Talents	DISPLAYLOCATION:Spheres
ABILITYCATEGORY:Incanter Bear Specialization Talent	CATEGORY:Spheres Magic Talent	TYPE:SpheresBasicTalent.Bear	EDITABLE:YES	EDITPOOL:NO	FRACTIONALPOOL:NO	VISIBLE:QUALIFY	POOL:0	PLURAL:Bear Specialization Talents	DISPLAYLOCATION:Spheres
ABILITYCATEGORY:Incanter Blood Specialization Talent	CATEGORY:Spheres Magic Talent	TYPE:SpheresBasicTalent.Blood	EDITABLE:YES	EDITPOOL:NO	FRACTIONALPOOL:NO	VISIBLE:QUALIFY	POOL:0	PLURAL:Blood Specialization Talents	DISPLAYLOCATION:Spheres
ABILITYCATEGORY:Incanter Conjuration Specialization Talent	CATEGORY:Spheres Magic Talent	TYPE:SpheresBasicTalent.Conjuration	EDITABLE:YES	EDITPOOL:NO	FRACTIONALPOOL:NO	VISIBLE:QUALIFY	POOL:0	PLURAL:Conjuration Specialization Talents	DISPLAYLOCATION:Spheres
ABILITYCATEGORY:Incanter Creation Specialization Talent	CATEGORY:Spheres Magic Talent	TYPE:SpheresBasicTalent.Creation	EDITABLE:YES	EDITPOOL:NO	FRACTIONALPOOL:NO	VISIBLE:QUALIFY	POOL:0	PLURAL:Creation Specialization Talents	DISPLAYLOCATION:Spheres
ABILITYCATEGORY:Incanter Dark Specialization Talent	CATEGORY:Spheres Magic Talent	TYPE:SpheresBasicTalent.Dark	EDITABLE:YES	EDITPOOL:NO	FRACTIONALPOOL:NO	VISIBLE:QUALIFY	POOL:0	PLURAL:Dark Specialization Talents	DISPLAYLOCATION:Spheres
ABILITYCATEGORY:Incanter Death Specialization Talent	CATEGORY:Spheres Magic Talent	TYPE:SpheresBasicTalent.Death	EDITABLE:YES	EDITPOOL:NO	FRACTIONALPOOL:NO	VISIBLE:QUALIFY	POOL:0	PLURAL:Death Specialization Talents	DISPLAYLOCATION:Spheres
ABILITYCATEGORY:Incanter Divination Specialization Talent	CATEGORY:Spheres Magic Talent	TYPE:SpheresBasicTalent.Divination	EDITABLE:YES	EDITPOOL:NO	FRACTIONALPOOL:NO	VISIBLE:QUALIFY	POOL:0	PLURAL:Divination Specialization Talents	DISPLAYLOCATION:Spheres
ABILITYCATEGORY:Incanter Enhancement Specialization Talent	CATEGORY:Spheres Magic Talent	TYPE:SpheresBasicTalent.Enhancement	EDITABLE:YES	EDITPOOL:NO	FRACTIONALPOOL:NO	VISIBLE:QUALIFY	POOL:0	PLURAL:Enhancement Specialization Talents	DISPLAYLOCATION:Spheres
ABILITYCATEGORY:Incanter Fallen Fey Specialization Talent	CATEGORY:Spheres Magic Talent	TYPE:SpheresBasicTalent.Fallen Fey	EDITABLE:YES	EDITPOOL:NO	FRACTIONALPOOL:NO	VISIBLE:QUALIFY	POOL:0	PLURAL:Fallen Fey Specialization Talents	DISPLAYLOCATION:Spheres
ABILITYCATEGORY:Incanter Fate Specialization Talent	CATEGORY:Spheres Magic Talent	TYPE:SpheresBasicTalent.Fate	EDITABLE:YES	EDITPOOL:NO	FRACTIONALPOOL:NO	VISIBLE:QUALIFY	POOL:0	PLURAL:Fate Specialization Talents	DISPLAYLOCATION:Spheres
ABILITYCATEGORY:Incanter Illusion Specialization Talent	CATEGORY:Spheres Magic Talent	TYPE:SpheresBasicTalent.Illusion	EDITABLE:YES	EDITPOOL:NO	FRACTIONALPOOL:NO	VISIBLE:QUALIFY	POOL:0	PLURAL:Illusion Specialization Talents	DISPLAYLOCATION:Spheres
ABILITYCATEGORY:Incanter Life Specialization Talent	CATEGORY:Spheres Magic Talent	TYPE:SpheresBasicTalent.Life	EDITABLE:YES	EDITPOOL:NO	FRACTIONALPOOL:NO	VISIBLE:QUALIFY	POOL:0	PLURAL:Life Specialization Talents	DISPLAYLOCATION:Spheres
ABILITYCATEGORY:Incanter Light Specialization Talent	CATEGORY:Spheres Magic Talent	TYPE:SpheresBasicTalent.Light	EDITABLE:YES	EDITPOOL:NO	FRACTIONALPOOL:NO	VISIBLE:QUALIFY	POOL:0	PLURAL:Light Specialization Talents	DISPLAYLOCATION:Spheres
ABILITYCATEGORY:Incanter Mana Specialization Talent	CATEGORY:Spheres Magic Talent	TYPE:SpheresBasicTalent.Mana	EDITABLE:YES	EDITPOOL:NO	FRACTIONALPOOL:NO	VISIBLE:QUALIFY	POOL:0	PLURAL:Mana Specialization Talents	DISPLAYLOCATION:Spheres
ABILITYCATEGORY:Incanter Mind Specialization Talent	CATEGORY:Spheres Magic Talent	TYPE:SpheresBasicTalent.Mind	EDITABLE:YES	EDITPOOL:NO	FRACTIONALPOOL:NO	VISIBLE:QUALIFY	POOL:0	PLURAL:Mind Specialization Talents	DISPLAYLOCATION:Spheres
ABILITYCATEGORY:Incanter Nature Specialization Talent	CATEGORY:Spheres Magic Talent	TYPE:SpheresBasicTalent.Nature	EDITABLE:YES	EDITPOOL:NO	FRACTIONALPOOL:NO	VISIBLE:QUALIFY	POOL:0	PLURAL:Nature Specialization Talents	DISPLAYLOCATION:Spheres
ABILITYCATEGORY:Incanter Protection Specialization Talent	CATEGORY:Spheres Magic Talent	TYPE:SpheresBasicTalent.Protection	EDITABLE:YES	EDITPOOL:NO	FRACTIONALPOOL:NO	VISIBLE:QUALIFY	POOL:0	PLURAL:Protection Specialization Talents	DISPLAYLOCATION:Spheres
ABILITYCATEGORY:Incanter Technomancy Specialization Talent	CATEGORY:Spheres Magic Talent	TYPE:SpheresBasicTalent.Technomancy	EDITABLE:YES	EDITPOOL:NO	FRACTIONALPOOL:NO	VISIBLE:QUALIFY	POOL:0	PLURAL:Technomancy Specialization Talents	DISPLAYLOCATION:Spheres
ABILITYCATEGORY:Incanter Telekinesis Specialization Talent	CATEGORY:Spheres Magic Talent	TYPE:SpheresBasicTalent.Telekinesis	EDITABLE:YES	EDITPOOL:NO	FRACTIONALPOOL:NO	VISIBLE:QUALIFY	POOL:0	PLURAL:Telekinesis Specialization Talents	DISPLAYLOCATION:Spheres
ABILITYCATEGORY:Incanter Time Specialization Talent	CATEGORY:Spheres Magic Talent	TYPE:SpheresBasicTalent.Time	EDITABLE:YES	EDITPOOL:NO	FRACTIONALPOOL:NO	VISIBLE:QUALIFY	POOL:0	PLURAL:Time Specialization Talents	DISPLAYLOCATION:Spheres
ABILITYCATEGORY:Incanter War Specialization Talent	CATEGORY:Spheres Magic Talent	TYPE:SpheresBasicTalent.War	EDITABLE:YES	EDITPOOL:NO	FRACTIONALPOOL:NO	VISIBLE:QUALIFY	POOL:0	PLURAL:War Specialization Talents	DISPLAYLOCATION:Spheres
ABILITYCATEGORY:Incanter Warp Specialization Talent	CATEGORY:Spheres Magic Talent	TYPE:SpheresBasicTalent.Warp	EDITABLE:YES	EDITPOOL:NO	FRACTIONALPOOL:NO	VISIBLE:QUALIFY	POOL:0	PLURAL:Warp Specialization Talents	DISPLAYLOCATION:Spheres
ABILITYCATEGORY:Incanter Weather Specialization Talent	CATEGORY:Spheres Magic Talent	TYPE:SpheresBasicTalent.Weather	EDITABLE:YES	EDITPOOL:NO	FRACTIONALPOOL:NO	VISIBLE:QUALIFY	POOL:0	PLURAL:Weather Specialization Talents	DISPLAYLOCATION:Spheres
