# https://spheresofpower.wikidot.com/eliciter (2026-09-24); numeric progression from the source table.
CLASS:Eliciter	HD:8	TYPE:Base.PC	MAXLEVEL:20	STARTSKILLPTS:4	CSKILL:Acrobatics|Bluff|Climb|TYPE=Craft|Diplomacy|Disguise|Handle Animal|Intimidate|Knowledge (Local)|Knowledge (Nobility)|Linguistics|TYPE=Perform|TYPE=Profession|Sense Motive|Spellcraft|Stealth|Use Magic Device	BONUS:COMBAT|BASEAB|floor(CL*3/4)|TYPE=Base.REPLACE	DEFINE:SPHERES_ELICITER_LEVEL|0	BONUS:VAR|SPHERES_ELICITER_LEVEL|CL	BONUS:SAVE|BASE.Fortitude|floor(CL/3)	BONUS:SAVE|BASE.Reflex|2+floor(CL/2)	BONUS:SAVE|BASE.Will|2+floor(CL/2)	BONUS:VAR|SPHERES_CASTER_LEVEL,SPHERES_MAGIC_SKILL_BONUS|floor(CL*3/4)	BONUS:VAR|SPHERES_SPELL_POOL_LEVELS|CL
1	ABILITY:Internal|AUTOMATIC|Weapon Prof ~ Simple|Armor Prof ~ Light|Shield Prof	AUTO:WEAPONPROF|Longsword|Rapier|Sap|Sword (Short)|Shortbow|Whip	ABILITY:Special Ability|AUTOMATIC|Spheres Casting Core	ABILITY:Special Ability|AUTOMATIC|Eliciter Persuasive (Reference)	ABILITY:Special Ability|AUTOMATIC|Eliciter Hypnotism Uses (Reference)	ABILITY:Special Ability|AUTOMATIC|Eliciter Class Features 1	ABILITY:Special Ability|AUTOMATIC|Eliciter Sphere Mastery
2	ABILITY:Special Ability|AUTOMATIC|Eliciter Class Features 2	BONUS:VAR|SPHERES_MAGIC_TALENTS|1
3	ABILITY:Special Ability|AUTOMATIC|Eliciter Class Features 3	BONUS:VAR|SPHERES_MAGIC_TALENTS|1
4	ABILITY:Special Ability|AUTOMATIC|Eliciter Class Features 4	BONUS:VAR|SPHERES_MAGIC_TALENTS|1
5	ABILITY:Special Ability|AUTOMATIC|Eliciter Class Features 5
6	ABILITY:Special Ability|AUTOMATIC|Eliciter Class Features 6	BONUS:VAR|SPHERES_MAGIC_TALENTS|1
7	ABILITY:Special Ability|AUTOMATIC|Eliciter Class Features 7	BONUS:VAR|SPHERES_MAGIC_TALENTS|1
8	ABILITY:Special Ability|AUTOMATIC|Eliciter Class Features 8	BONUS:VAR|SPHERES_MAGIC_TALENTS|1
9	ABILITY:Special Ability|AUTOMATIC|Eliciter Class Features 9
10	ABILITY:Special Ability|AUTOMATIC|Eliciter Class Features 10	BONUS:VAR|SPHERES_MAGIC_TALENTS|1
11	ABILITY:Special Ability|AUTOMATIC|Eliciter Class Features 11	BONUS:VAR|SPHERES_MAGIC_TALENTS|1
12	ABILITY:Special Ability|AUTOMATIC|Eliciter Class Features 12	BONUS:VAR|SPHERES_MAGIC_TALENTS|1
13	ABILITY:Special Ability|AUTOMATIC|Eliciter Class Features 13
14	ABILITY:Special Ability|AUTOMATIC|Eliciter Class Features 14	BONUS:VAR|SPHERES_MAGIC_TALENTS|1
15	ABILITY:Special Ability|AUTOMATIC|Eliciter Class Features 15	BONUS:VAR|SPHERES_MAGIC_TALENTS|1
16	ABILITY:Special Ability|AUTOMATIC|Eliciter Class Features 16	BONUS:VAR|SPHERES_MAGIC_TALENTS|1
17	ABILITY:Special Ability|AUTOMATIC|Eliciter Class Features 17
18	ABILITY:Special Ability|AUTOMATIC|Eliciter Class Features 18	BONUS:VAR|SPHERES_MAGIC_TALENTS|1
19	ABILITY:Special Ability|AUTOMATIC|Eliciter Class Features 19	BONUS:VAR|SPHERES_MAGIC_TALENTS|1
20	ABILITY:Special Ability|AUTOMATIC|Eliciter Class Features 20	BONUS:VAR|SPHERES_MAGIC_TALENTS|1
