# Generated Shifter natural attacks; qualified by current size.
Shifter Bite Natural Weapons F	CATEGORY:Special Ability	VISIBLE:NO	PRESIZEEQ:F	NATURALATTACKS:Bite,Weapon.Natural.Melee.Finesseable.Weapon Group Natural.Bludgeoning.Piercing.Slashing,*1,1
Shifter Bite Natural Weapons D	CATEGORY:Special Ability	VISIBLE:NO	PRESIZEEQ:D	NATURALATTACKS:Bite,Weapon.Natural.Melee.Finesseable.Weapon Group Natural.Bludgeoning.Piercing.Slashing,*1,1d2
Shifter Bite Natural Weapons T	CATEGORY:Special Ability	VISIBLE:NO	PRESIZEEQ:T	NATURALATTACKS:Bite,Weapon.Natural.Melee.Finesseable.Weapon Group Natural.Bludgeoning.Piercing.Slashing,*1,1d3
Shifter Bite Natural Weapons S	CATEGORY:Special Ability	VISIBLE:NO	PRESIZEEQ:S	NATURALATTACKS:Bite,Weapon.Natural.Melee.Finesseable.Weapon Group Natural.Bludgeoning.Piercing.Slashing,*1,1d4
Shifter Bite Natural Weapons M	CATEGORY:Special Ability	VISIBLE:NO	PRESIZEEQ:M	NATURALATTACKS:Bite,Weapon.Natural.Melee.Finesseable.Weapon Group Natural.Bludgeoning.Piercing.Slashing,*1,1d6
Shifter Bite Natural Weapons L	CATEGORY:Special Ability	VISIBLE:NO	PRESIZEEQ:L	NATURALATTACKS:Bite,Weapon.Natural.Melee.Finesseable.Weapon Group Natural.Bludgeoning.Piercing.Slashing,*1,1d8
Shifter Bite Natural Weapons H	CATEGORY:Special Ability	VISIBLE:NO	PRESIZEEQ:H	NATURALATTACKS:Bite,Weapon.Natural.Melee.Finesseable.Weapon Group Natural.Bludgeoning.Piercing.Slashing,*1,2d6
Shifter Bite Natural Weapons G	CATEGORY:Special Ability	VISIBLE:NO	PRESIZEEQ:G	NATURALATTACKS:Bite,Weapon.Natural.Melee.Finesseable.Weapon Group Natural.Bludgeoning.Piercing.Slashing,*1,3d6
Shifter Bite Natural Weapons C	CATEGORY:Special Ability	VISIBLE:NO	PRESIZEEQ:C	NATURALATTACKS:Bite,Weapon.Natural.Melee.Finesseable.Weapon Group Natural.Bludgeoning.Piercing.Slashing,*1,4d6
Shifter Claws Natural Weapons F	CATEGORY:Special Ability	VISIBLE:NO	PRESIZEEQ:F	NATURALATTACKS:Claw,Weapon.Natural.Melee.Finesseable.Weapon Group Natural.Slashing,*2,0
Shifter Claws Natural Weapons D	CATEGORY:Special Ability	VISIBLE:NO	PRESIZEEQ:D	NATURALATTACKS:Claw,Weapon.Natural.Melee.Finesseable.Weapon Group Natural.Slashing,*2,1
Shifter Claws Natural Weapons T	CATEGORY:Special Ability	VISIBLE:NO	PRESIZEEQ:T	NATURALATTACKS:Claw,Weapon.Natural.Melee.Finesseable.Weapon Group Natural.Slashing,*2,1d2
Shifter Claws Natural Weapons S	CATEGORY:Special Ability	VISIBLE:NO	PRESIZEEQ:S	NATURALATTACKS:Claw,Weapon.Natural.Melee.Finesseable.Weapon Group Natural.Slashing,*2,1d3
Shifter Claws Natural Weapons M	CATEGORY:Special Ability	VISIBLE:NO	PRESIZEEQ:M	NATURALATTACKS:Claw,Weapon.Natural.Melee.Finesseable.Weapon Group Natural.Slashing,*2,1d4
Shifter Claws Natural Weapons L	CATEGORY:Special Ability	VISIBLE:NO	PRESIZEEQ:L	NATURALATTACKS:Claw,Weapon.Natural.Melee.Finesseable.Weapon Group Natural.Slashing,*2,1d6
Shifter Claws Natural Weapons H	CATEGORY:Special Ability	VISIBLE:NO	PRESIZEEQ:H	NATURALATTACKS:Claw,Weapon.Natural.Melee.Finesseable.Weapon Group Natural.Slashing,*2,1d8
Shifter Claws Natural Weapons G	CATEGORY:Special Ability	VISIBLE:NO	PRESIZEEQ:G	NATURALATTACKS:Claw,Weapon.Natural.Melee.Finesseable.Weapon Group Natural.Slashing,*2,2d6
Shifter Claws Natural Weapons C	CATEGORY:Special Ability	VISIBLE:NO	PRESIZEEQ:C	NATURALATTACKS:Claw,Weapon.Natural.Melee.Finesseable.Weapon Group Natural.Slashing,*2,3d6
Shifter Gore Natural Weapons F	CATEGORY:Special Ability	VISIBLE:NO	PRESIZEEQ:F	NATURALATTACKS:Gore,Weapon.Natural.Melee.Finesseable.Weapon Group Natural.Piercing,*1,1
Shifter Gore Natural Weapons D	CATEGORY:Special Ability	VISIBLE:NO	PRESIZEEQ:D	NATURALATTACKS:Gore,Weapon.Natural.Melee.Finesseable.Weapon Group Natural.Piercing,*1,1d2
Shifter Gore Natural Weapons T	CATEGORY:Special Ability	VISIBLE:NO	PRESIZEEQ:T	NATURALATTACKS:Gore,Weapon.Natural.Melee.Finesseable.Weapon Group Natural.Piercing,*1,1d3
Shifter Gore Natural Weapons S	CATEGORY:Special Ability	VISIBLE:NO	PRESIZEEQ:S	NATURALATTACKS:Gore,Weapon.Natural.Melee.Finesseable.Weapon Group Natural.Piercing,*1,1d4
Shifter Gore Natural Weapons M	CATEGORY:Special Ability	VISIBLE:NO	PRESIZEEQ:M	NATURALATTACKS:Gore,Weapon.Natural.Melee.Finesseable.Weapon Group Natural.Piercing,*1,1d6
Shifter Gore Natural Weapons L	CATEGORY:Special Ability	VISIBLE:NO	PRESIZEEQ:L	NATURALATTACKS:Gore,Weapon.Natural.Melee.Finesseable.Weapon Group Natural.Piercing,*1,1d8
Shifter Gore Natural Weapons H	CATEGORY:Special Ability	VISIBLE:NO	PRESIZEEQ:H	NATURALATTACKS:Gore,Weapon.Natural.Melee.Finesseable.Weapon Group Natural.Piercing,*1,2d6
Shifter Gore Natural Weapons G	CATEGORY:Special Ability	VISIBLE:NO	PRESIZEEQ:G	NATURALATTACKS:Gore,Weapon.Natural.Melee.Finesseable.Weapon Group Natural.Piercing,*1,3d6
Shifter Gore Natural Weapons C	CATEGORY:Special Ability	VISIBLE:NO	PRESIZEEQ:C	NATURALATTACKS:Gore,Weapon.Natural.Melee.Finesseable.Weapon Group Natural.Piercing,*1,4d6
