# Ultimate Spellcrafting: learned spells do not require the creation feat.
ABILITYCATEGORY:Spheres Spell Repertoire	CATEGORY:Spheres Spell Repertoire	EDITABLE:YES	EDITPOOL:NO	FRACTIONALPOOL:NO	VISIBLE:QUALIFY	POOL:max(0,SPHERES_CASTING_ABILITY)	PLURAL:Spell Repertoire	DISPLAYLOCATION:Spheres
ABILITYCATEGORY:Spheres Spell Acquisition	CATEGORY:Spheres Spell Acquisition	EDITABLE:YES	EDITPOOL:NO	FRACTIONALPOOL:NO	VISIBLE:QUALIFY	POOL:0	PLURAL:Completed Spell Learning or Research	DISPLAYLOCATION:Spheres
ABILITYCATEGORY:Spheres Spell Deciphered	CATEGORY:Spheres Spell Deciphered	EDITABLE:YES	EDITPOOL:NO	FRACTIONALPOOL:NO	VISIBLE:QUALIFY	POOL:0	PLURAL:Deciphered Spells	DISPLAYLOCATION:Spheres
ABILITYCATEGORY:Spheres Spellbook Access	CATEGORY:Spheres Spellbook Access	EDITABLE:YES	EDITPOOL:NO	FRACTIONALPOOL:NO	VISIBLE:QUALIFY	POOL:0	PLURAL:Accessible Spellbooks	DISPLAYLOCATION:Spheres
ABILITYCATEGORY:Spheres Book Casting	CATEGORY:Spheres Book Casting	EDITABLE:YES	EDITPOOL:NO	FRACTIONALPOOL:NO	VISIBLE:QUALIFY	POOL:0	PLURAL:Spellbook Casting	DISPLAYLOCATION:Spheres