# Class-table features are rules text unless an explicit PCGen numeric grant is present.
Sentinel Reserve Points (Reference)	CATEGORY:Special Ability	TYPE:SpheresClassFeature	DEFINE:SPHERES_SENTINEL_RESERVE_POINTS|0	BONUS:VAR|SPHERES_SENTINEL_RESERVE_POINTS|max(1,floor(SPHERES_SENTINEL_LEVEL/2)+WIS)	DESC:%SPHERES_SENTINEL_RESERVE_POINTS daily reserve points; spending and recovery are table-resolved; apply to qualifying rolls or uses only.
Sentinel Reserve Temporary HP (Reference)	CATEGORY:Special Ability	TYPE:SpheresClassFeature	DEFINE:SPHERES_SENTINEL_RESERVE_TEMPORARY_HP|0	BONUS:VAR|SPHERES_SENTINEL_RESERVE_TEMPORARY_HP|2*BAB+WIS	DESC:%SPHERES_SENTINEL_RESERVE_TEMPORARY_HP temporary hit points per reserve point; lasts one minute or until lost, not a permanent HP increase; apply to qualifying rolls or uses only.
Sentinel Class Features 1	CATEGORY:Special Ability	TYPE:SpheresClassFeature	DESC:Level 1: Combat training, defender’s soul, guardian challenge, sentinel’s reserve, wise reflexes. See https://spheresofpower.wikidot.com/sentinel for effects, timing and prerequisites.
Sentinel Class Features 2	CATEGORY:Special Ability	TYPE:SpheresClassFeature	DESC:Level 2: Dedicated defense, guard wall. See https://spheresofpower.wikidot.com/sentinel for effects, timing and prerequisites.
Sentinel Class Features 3	CATEGORY:Special Ability	TYPE:SpheresClassFeature	DESC:Level 3: Second wind. See https://spheresofpower.wikidot.com/sentinel for effects, timing and prerequisites.
Sentinel Class Features 4	CATEGORY:Special Ability	TYPE:SpheresClassFeature	DESC:Level 4: Sentinel’s imposition. See https://spheresofpower.wikidot.com/sentinel for effects, timing and prerequisites.
Sentinel Class Features 5	CATEGORY:Special Ability	TYPE:SpheresClassFeature	DESC:Level 5: Opportunistic offense. See https://spheresofpower.wikidot.com/sentinel for effects, timing and prerequisites.
Sentinel Class Features 6	CATEGORY:Special Ability	TYPE:SpheresClassFeature	DESC:Level 6: Counter Critical, dedicated defense. See https://spheresofpower.wikidot.com/sentinel for effects, timing and prerequisites.
Sentinel Class Features 7	CATEGORY:Special Ability	TYPE:SpheresClassFeature	DESC:Level 7: Defender’s determination. See https://spheresofpower.wikidot.com/sentinel for effects, timing and prerequisites.
Sentinel Class Features 8	CATEGORY:Special Ability	TYPE:SpheresClassFeature	DESC:Level 8: Deathless challenge. See https://spheresofpower.wikidot.com/sentinel for effects, timing and prerequisites.
Sentinel Class Features 9	CATEGORY:Special Ability	TYPE:SpheresClassFeature	DESC:Level 9: Stalwart. See https://spheresofpower.wikidot.com/sentinel for effects, timing and prerequisites.
Sentinel Class Features 10	CATEGORY:Special Ability	TYPE:SpheresClassFeature	DESC:Level 10: Dedicated defense. See https://spheresofpower.wikidot.com/sentinel for effects, timing and prerequisites.
Sentinel Class Features 11	CATEGORY:Special Ability	TYPE:SpheresClassFeature	DESC:Level 11: Empowering challenge. See https://spheresofpower.wikidot.com/sentinel for effects, timing and prerequisites.
Sentinel Class Features 12	CATEGORY:Special Ability	TYPE:SpheresClassFeature	DESC:Level 12: Sentinel’s wrath. See https://spheresofpower.wikidot.com/sentinel for effects, timing and prerequisites.
Sentinel Class Features 13	CATEGORY:Special Ability	TYPE:SpheresClassFeature	DESC:Level 13: Sentinel’s poise. See https://spheresofpower.wikidot.com/sentinel for effects, timing and prerequisites.
Sentinel Class Features 14	CATEGORY:Special Ability	TYPE:SpheresClassFeature	DESC:Level 14: Dedicated defense, eternal challenge. See https://spheresofpower.wikidot.com/sentinel for effects, timing and prerequisites.
Sentinel Class Features 15	CATEGORY:Special Ability	TYPE:SpheresClassFeature	DESC:Level 15: Instant challenge. See https://spheresofpower.wikidot.com/sentinel for effects, timing and prerequisites.
Sentinel Class Features 16	CATEGORY:Special Ability	TYPE:SpheresClassFeature	DESC:Level 16: Diamond aegis. See https://spheresofpower.wikidot.com/sentinel for effects, timing and prerequisites.
Sentinel Class Features 17	CATEGORY:Special Ability	TYPE:SpheresClassFeature	DESC:Level 17: Sentinel’s surge. See https://spheresofpower.wikidot.com/sentinel for effects, timing and prerequisites.
Sentinel Class Features 18	CATEGORY:Special Ability	TYPE:SpheresClassFeature	DESC:Level 18: Dedicated defense. See https://spheresofpower.wikidot.com/sentinel for effects, timing and prerequisites.
Sentinel Class Features 19	CATEGORY:Special Ability	TYPE:SpheresClassFeature	DESC:Level 19: Invincible soul. See https://spheresofpower.wikidot.com/sentinel for effects, timing and prerequisites.
Sentinel Class Features 20	CATEGORY:Special Ability	TYPE:SpheresClassFeature	DESC:Level 20: Final challenge. See https://spheresofpower.wikidot.com/sentinel for effects, timing and prerequisites.
Sentinel Combat Training	CATEGORY:Special Ability	TYPE:SpheresInternal.SpheresCombatTraining	ABILITY:Special Ability|AUTOMATIC|Spheres Martial Focus	DEFINE:SPHERES_PRACTITIONER_DC|0	BONUS:VAR|SPHERES_PRACTITIONER_MOD|WIS	BONUS:VAR|SPHERES_PRACTITIONER_DC|10+floor(SPHERES_SENTINEL_LEVEL/2)+SPHERES_PRACTITIONER_MOD
Sentinel Second Wind	CATEGORY:Special Ability	TYPE:SpheresClassFeature.Extraordinary	DEFINE:SPHERES_SENTINEL_SECOND_WIND_DICE|floor(SPHERES_SENTINEL_LEVEL/2)	DEFINE:SPHERES_SENTINEL_SECOND_WIND_BONUS|WIS	DESC:Spend a reserve point as a swift action to heal d6 per two Sentinel levels plus Wisdom modifier, up to half maximum HP. Halve healing to regain martial focus, declared before rolling. Spending, healing, and the level-7 extra-point exception are table-resolved.
Sentinel Wise Reflexes	CATEGORY:Special Ability	TYPE:SpheresClassFeature.Extraordinary	BONUS:COMBAT|INITIATIVE|max(0,min(WIS,SPHERES_SENTINEL_LEVEL)-DEX)|TYPE=Ability	BONUS:SAVE|Reflex|max(0,min(WIS,SPHERES_SENTINEL_LEVEL)-DEX)|TYPE=Ability	DESC:Use capped Wisdom instead of Dexterity when it improves initiative or Reflex saves.
Sentinel Dedicated Defense	CATEGORY:Special Ability	TYPE:SpheresClassFeature.Extraordinary	DR:0/-	BONUS:DR|-|1+floor((SPHERES_SENTINEL_LEVEL-2)/4)	DESC:Damage reduction stacks with other DR/- sources. Challenge-specific doubling remains table-resolved.
Sentinel Defender's Soul	CATEGORY:Special Ability	TYPE:SpheresClassFeature	ABILITY:Spheres Combat Talent|AUTOMATIC|Guardian Sphere	DESC:Free Guardian challenge package; if already possessed, choose a legal Guardian talent instead.
