# https://spheresofpower.wikidot.com/sentinel (2026-09-24); numeric progression from the source table.
CLASS:Sentinel	HD:12	TYPE:Base.PC	MAXLEVEL:20	STARTSKILLPTS:4	CSKILL:Bluff|Climb|TYPE=Craft|Diplomacy|Handle Animal|Heal|Intimidate|Knowledge (Nobility)|Perception|TYPE=Profession|Ride|Sense Motive|Swim	BONUS:COMBAT|BASEAB|CL|TYPE=Base.REPLACE	DEFINE:SPHERES_SENTINEL_LEVEL|0	BONUS:VAR|SPHERES_SENTINEL_LEVEL|CL	BONUS:SAVE|BASE.Fortitude|2+floor(CL/2)	BONUS:SAVE|BASE.Reflex|floor(CL/3)	BONUS:SAVE|BASE.Will|2+floor(CL/2)	DEFINE:SPHERES_COMBAT_TALENTS|0	DEFINE:SPHERES_PRACTITIONER_MOD|0
1	ABILITY:Internal|AUTOMATIC|Weapon Prof ~ Simple|Armor Prof ~ Light	AUTO:SHIELDPROF|Buckler	ABILITY:Special Ability|AUTOMATIC|Sentinel Combat Training	ABILITY:Special Ability|AUTOMATIC|Sentinel Reserve Points (Reference)	ABILITY:Special Ability|AUTOMATIC|Sentinel Reserve Temporary HP (Reference)	ABILITY:Special Ability|AUTOMATIC|Sentinel Class Features 1	BONUS:VAR|SPHERES_COMBAT_TALENTS|1	ABILITY:Special Ability|AUTOMATIC|Sentinel Wise Reflexes	ABILITY:Special Ability|AUTOMATIC|Sentinel Defender's Soul
2	ABILITY:Special Ability|AUTOMATIC|Sentinel Class Features 2	BONUS:VAR|SPHERES_COMBAT_TALENTS|1	ABILITY:Special Ability|AUTOMATIC|Sentinel Dedicated Defense
3	ABILITY:Special Ability|AUTOMATIC|Sentinel Class Features 3	BONUS:VAR|SPHERES_COMBAT_TALENTS|1	ABILITY:Special Ability|AUTOMATIC|Sentinel Second Wind
4	ABILITY:Special Ability|AUTOMATIC|Sentinel Class Features 4	BONUS:VAR|SPHERES_COMBAT_TALENTS|1
5	ABILITY:Special Ability|AUTOMATIC|Sentinel Class Features 5	BONUS:VAR|SPHERES_COMBAT_TALENTS|1
6	ABILITY:Special Ability|AUTOMATIC|Sentinel Class Features 6	BONUS:VAR|SPHERES_COMBAT_TALENTS|1
7	ABILITY:Special Ability|AUTOMATIC|Sentinel Class Features 7	BONUS:VAR|SPHERES_COMBAT_TALENTS|1
8	ABILITY:Special Ability|AUTOMATIC|Sentinel Class Features 8	BONUS:VAR|SPHERES_COMBAT_TALENTS|1
9	ABILITY:Special Ability|AUTOMATIC|Sentinel Class Features 9	BONUS:VAR|SPHERES_COMBAT_TALENTS|1
10	ABILITY:Special Ability|AUTOMATIC|Sentinel Class Features 10	BONUS:VAR|SPHERES_COMBAT_TALENTS|1
11	ABILITY:Special Ability|AUTOMATIC|Sentinel Class Features 11	BONUS:VAR|SPHERES_COMBAT_TALENTS|1
12	ABILITY:Special Ability|AUTOMATIC|Sentinel Class Features 12	BONUS:VAR|SPHERES_COMBAT_TALENTS|1
13	ABILITY:Special Ability|AUTOMATIC|Sentinel Class Features 13	BONUS:VAR|SPHERES_COMBAT_TALENTS|1
14	ABILITY:Special Ability|AUTOMATIC|Sentinel Class Features 14	BONUS:VAR|SPHERES_COMBAT_TALENTS|1
15	ABILITY:Special Ability|AUTOMATIC|Sentinel Class Features 15	BONUS:VAR|SPHERES_COMBAT_TALENTS|1
16	ABILITY:Special Ability|AUTOMATIC|Sentinel Class Features 16	BONUS:VAR|SPHERES_COMBAT_TALENTS|1
17	ABILITY:Special Ability|AUTOMATIC|Sentinel Class Features 17	BONUS:VAR|SPHERES_COMBAT_TALENTS|1
18	ABILITY:Special Ability|AUTOMATIC|Sentinel Class Features 18	BONUS:VAR|SPHERES_COMBAT_TALENTS|1
19	ABILITY:Special Ability|AUTOMATIC|Sentinel Class Features 19	BONUS:VAR|SPHERES_COMBAT_TALENTS|1
20	ABILITY:Special Ability|AUTOMATIC|Sentinel Class Features 20	BONUS:VAR|SPHERES_COMBAT_TALENTS|1
