# https://spheresofpower.wikidot.com/armiger (2026-09-24); numeric progression from the source table.
CLASS:Armiger	HD:10	TYPE:Base.PC	MAXLEVEL:20	STARTSKILLPTS:4	CSKILL:Acrobatics|Climb|TYPE=Craft|Intimidate|Knowledge (Dungeoneering)|Knowledge (Geography)|Knowledge (Local)|Knowledge (Nobility)|Perception|TYPE=Profession|Ride|Sense Motive|Sleight of Hand|Survival|Swim	BONUS:COMBAT|BASEAB|CL|TYPE=Base.REPLACE	DEFINE:SPHERES_ARMIGER_LEVEL|0	BONUS:VAR|SPHERES_ARMIGER_LEVEL|CL	DEFINE:SPHERES_EXTRA_ARMIGER_OPTIONS|0	BONUS:SAVE|BASE.Fortitude|2+floor(CL/2)	BONUS:SAVE|BASE.Reflex|2+floor(CL/2)	BONUS:SAVE|BASE.Will|floor(CL/3)	DEFINE:SPHERES_COMBAT_TALENTS|0	DEFINE:SPHERES_PRACTITIONER_MOD|0
1	ABILITY:Internal|AUTOMATIC|Weapon Prof ~ Simple|Armor Prof ~ Light	AUTO:SHIELDPROF|Buckler	ABILITY:Special Ability|AUTOMATIC|Armiger Combat Training	ABILITY:Special Ability|AUTOMATIC|Armiger Talents Per Customized Weapon (Reference)	ABILITY:Special Ability|AUTOMATIC|Armiger Class Features 1	DEFINE:SPHERES_ARMIGER_SPELL_DABBLER_COUNT|0	DEFINE:ArmigerDeadly Deadly Aim|0	ABILITY:FEAT|AUTOMATIC|Deadly Aim|PREVARGTEQ:ArmigerDeadly Deadly Aim,1	DEFINE:ArmigerDeadly Piranha Strike|0	ABILITY:FEAT|AUTOMATIC|Piranha Strike|PREVARGTEQ:ArmigerDeadly Piranha Strike,1	DEFINE:ArmigerDeadly Power Attack|0	ABILITY:FEAT|AUTOMATIC|Power Attack|PREVARGTEQ:ArmigerDeadly Power Attack,1	DEFINE:ArmigerRanged Sniper|0	ABILITY:Spheres Combat Talent|AUTOMATIC|Sniper Sphere|PREVARGTEQ:ArmigerRanged Sniper,1	DEFINE:ArmigerRanged Barrage|0	ABILITY:Spheres Combat Talent|AUTOMATIC|Barrage Sphere|PREVARGTEQ:ArmigerRanged Barrage,1
2	ABILITY:Special Ability|AUTOMATIC|Armiger Class Features 2	BONUS:VAR|SPHERES_COMBAT_TALENTS|1
3	ABILITY:Special Ability|AUTOMATIC|Armiger Class Features 3
4	ABILITY:Special Ability|AUTOMATIC|Armiger Class Features 4	BONUS:VAR|SPHERES_COMBAT_TALENTS|1
5	ABILITY:Special Ability|AUTOMATIC|Armiger Class Features 5
6	ABILITY:Special Ability|AUTOMATIC|Armiger Class Features 6	BONUS:VAR|SPHERES_COMBAT_TALENTS|1
7	ABILITY:Special Ability|AUTOMATIC|Armiger Class Features 7
8	ABILITY:Special Ability|AUTOMATIC|Armiger Class Features 8	BONUS:VAR|SPHERES_COMBAT_TALENTS|1
9	ABILITY:Special Ability|AUTOMATIC|Armiger Class Features 9
10	ABILITY:Special Ability|AUTOMATIC|Armiger Class Features 10	BONUS:VAR|SPHERES_COMBAT_TALENTS|1
11	ABILITY:Special Ability|AUTOMATIC|Armiger Class Features 11
12	ABILITY:Special Ability|AUTOMATIC|Armiger Class Features 12	BONUS:VAR|SPHERES_COMBAT_TALENTS|1
13	ABILITY:Special Ability|AUTOMATIC|Armiger Class Features 13
14	ABILITY:Special Ability|AUTOMATIC|Armiger Class Features 14	BONUS:VAR|SPHERES_COMBAT_TALENTS|1
15	ABILITY:Special Ability|AUTOMATIC|Armiger Class Features 15
16	ABILITY:Special Ability|AUTOMATIC|Armiger Class Features 16	BONUS:VAR|SPHERES_COMBAT_TALENTS|1
17	ABILITY:Special Ability|AUTOMATIC|Armiger Class Features 17
18	ABILITY:Special Ability|AUTOMATIC|Armiger Class Features 18	BONUS:VAR|SPHERES_COMBAT_TALENTS|1
19	ABILITY:Special Ability|AUTOMATIC|Armiger Class Features 19
20	ABILITY:Special Ability|AUTOMATIC|Armiger Class Features 20	BONUS:VAR|SPHERES_COMBAT_TALENTS|1
