# https://spheresofpower.wikidot.com/hedgewitch (2026-09-24); numeric progression from the source table.
CLASS:Hedgewitch	HD:8	TYPE:Base.PC	MAXLEVEL:20	STARTSKILLPTS:6	CSKILL:Appraise|Bluff|TYPE=Craft|Diplomacy|Fly|Handle Animal|Heal|Knowledge (Arcana)|Linguistics|TYPE=Perform|TYPE=Profession|Sense Motive|Spellcraft|Stealth|Use Magic Device	BONUS:COMBAT|BASEAB|floor(CL*3/4)|TYPE=Base.REPLACE	DEFINE:SPHERES_HEDGEWITCH_LEVEL|0	BONUS:VAR|SPHERES_HEDGEWITCH_LEVEL|CL	BONUS:SAVE|BASE.Fortitude|floor(CL/3)	BONUS:SAVE|BASE.Reflex|floor(CL/3)	BONUS:SAVE|BASE.Will|2+floor(CL/2)	BONUS:VAR|SPHERES_CASTER_LEVEL,SPHERES_MAGIC_SKILL_BONUS|floor(CL*3/4)	BONUS:VAR|SPHERES_SPELL_POOL_LEVELS|CL
1	ABILITY:Internal|AUTOMATIC|Weapon Prof ~ Simple|Armor Prof ~ Light	ABILITY:Special Ability|AUTOMATIC|Spheres Casting Core	ABILITY:Special Ability|AUTOMATIC|Hedgewitch Class Features 1	DEFINE:SPHERES_HEDGEWITCH_INSPIRATION|0	DEFINE:SPHERES_HEDGEWITCH_STUDIED_BONUS|0	DEFINE:SPHERES_HEDGEWITCH_STUDIED_ROUNDS|0	DEFINE:HedgewitchExceptional Bluff|0	DEFINE:HedgewitchExceptional Disguise|0	DEFINE:HedgewitchExceptional Intimidate|0	DEFINE:HedgewitchExceptional Acrobatics|0	DEFINE:HedgewitchExceptional Fly|0	DEFINE:HedgewitchExceptional Diplomacy|0	DEFINE:HedgewitchExceptional Sense Motive|0	DEFINE:HedgewitchExceptional Handle Animal|0	DEFINE:SPHERES_HEDGEWITCH_GUILE|0	DEFINE:SPHERES_HEDGEWITCH_GUILE_SKILL_BONUS|0	DEFINE:SPHERES_HEDGEWITCH_GUILE_SNEAK_DICE|0	DEFINE:SPHERES_HEDGEWITCH_GUILE_SNEAK_DIE_SIZE|0	DEFINE:SPHERES_HEDGEWITCH_SANCTION_ROUNDS|0	DEFINE:SPHERES_HEDGEWITCH_SANCTION_DC|0	DEFINE:SPHERES_HEDGEWITCH_SANCTION_RADIUS|0	DEFINE:SPHERES_HEDGEWITCH_SANCTION_LIMIT|0	DEFINE:SPHERES_HEDGEWITCH_SANCTION_PUSH|0	DEFINE:SPHERES_HEDGEWITCH_NEMESIS_RANGE|0	DEFINE:SPHERES_HEDGEWITCH_RATTLING_DICE|0	DEFINE:SPHERES_HEDGEWITCH_RATTLING_TARGETS|0	DEFINE:SPHERES_HEDGEWITCH_WARD_ENABLED|0	DEFINE:SPHERES_HEDGEWITCH_WARD_CL|if(SPHERES_HEDGEWITCH_WARD_ENABLED>0,SPHERES_CL_PROTECTION+SPHERES_HEDGEWITCH_LEVEL-floor(SPHERES_HEDGEWITCH_LEVEL*3/4),0)	DEFINE:SPHERES_HEDGEWITCH_COVENANT_USES|0	DEFINE:SPHERES_HEDGEWITCH_COVENANT_DICE|0	DEFINE:SPHERES_HEDGEWITCH_COVENANT_DIE_SIZE|0	DEFINE:SPHERES_HEDGEWITCH_COVENANT_DC|0	DEFINE:SPHERES_HEDGEWITCH_COVENANT_SMITE_USES|0	DEFINE:SPHERES_HEDGEWITCH_AURA_REACH_COUNT|0	DEFINE:SPHERES_HEDGEWITCH_AURA_RADIUS|0	DEFINE:SPHERES_HEDGEWITCH_AURA_ACTIVE_LIMIT|0	DEFINE:SPHERES_HEDGEWITCH_AURA_EFFECTIVE_LEVEL|0	DEFINE:SPHERES_HEDGEWITCH_INSIGHT_CAPACITY|0	DEFINE:SPHERES_HEDGEWITCH_TRANSMUTATIONS|0	DEFINE:SPHERES_HEDGEWITCH_TRANSMUTATION_DC|0	DEFINE:SPHERES_HEDGEWITCH_CREATE_ENABLED|0	DEFINE:SPHERES_HEDGEWITCH_CREATE_CL|if(SPHERES_HEDGEWITCH_CREATE_ENABLED>0,SPHERES_CL_CREATION+SPHERES_HEDGEWITCH_LEVEL-floor(SPHERES_HEDGEWITCH_LEVEL*3/4),0)	DEFINE:SPHERES_HEDGEWITCH_TRANSMUTATION_SIZE_STEPS|0	DEFINE:SPHERES_HEDGEWITCH_TRANSMUTATION_RANGE|0	DEFINE:SPHERES_HEDGEWITCH_TRANSMUTATION_HD_BONUS|0	DEFINE:SPHERES_HEDGEWITCH_CONCOCTIONS|0	DEFINE:SPHERES_HEDGEWITCH_CONCOCTION_DC|0	DEFINE:SPHERES_HEDGEWITCH_CONCOCTION_HEALING_DICE|0	DEFINE:SPHERES_HEDGEWITCH_CONCOCTION_HOURS|0	DEFINE:SPHERES_HEDGEWITCH_SHADOW_MAGIC_CL_BONUS|0	DEFINE:SPHERES_HEDGEWITCH_CURSES|0	DEFINE:SPHERES_HEDGEWITCH_CURSE_DC|0	DEFINE:SPHERES_HEDGEWITCH_SPIRIT_USES|0	DEFINE:SPHERES_HEDGEWITCH_SPIRIT_TALENT_LIMIT|0	BONUS:VAR|SPHERES_HEDGEWITCH_AURA_RADIUS|30|PREABILITY:1,CATEGORY=Hedgewitch Path,Hedgewitch Astrology	DEFINE:SPHERES_COMBAT_TALENTS|0
2	ABILITY:Special Ability|AUTOMATIC|Hedgewitch Class Features 2	BONUS:VAR|SPHERES_MAGIC_TALENTS|1	ABILITY:Special Ability|AUTOMATIC|Hedgewitch Secrets
3	ABILITY:Special Ability|AUTOMATIC|Hedgewitch Class Features 3	BONUS:VAR|SPHERES_MAGIC_TALENTS|1
4	ABILITY:Special Ability|AUTOMATIC|Hedgewitch Class Features 4	BONUS:VAR|SPHERES_MAGIC_TALENTS|1
5	ABILITY:Special Ability|AUTOMATIC|Hedgewitch Class Features 5
6	ABILITY:Special Ability|AUTOMATIC|Hedgewitch Class Features 6	BONUS:VAR|SPHERES_MAGIC_TALENTS|1
7	ABILITY:Special Ability|AUTOMATIC|Hedgewitch Class Features 7	BONUS:VAR|SPHERES_MAGIC_TALENTS|1
8	ABILITY:Special Ability|AUTOMATIC|Hedgewitch Class Features 8	BONUS:VAR|SPHERES_MAGIC_TALENTS|1
9	ABILITY:Special Ability|AUTOMATIC|Hedgewitch Class Features 9
10	ABILITY:Special Ability|AUTOMATIC|Hedgewitch Class Features 10	BONUS:VAR|SPHERES_MAGIC_TALENTS|1
11	ABILITY:Special Ability|AUTOMATIC|Hedgewitch Class Features 11	BONUS:VAR|SPHERES_MAGIC_TALENTS|1
12	ABILITY:Special Ability|AUTOMATIC|Hedgewitch Class Features 12	BONUS:VAR|SPHERES_MAGIC_TALENTS|1
13	ABILITY:Special Ability|AUTOMATIC|Hedgewitch Class Features 13
14	ABILITY:Special Ability|AUTOMATIC|Hedgewitch Class Features 14	BONUS:VAR|SPHERES_MAGIC_TALENTS|1
15	ABILITY:Special Ability|AUTOMATIC|Hedgewitch Class Features 15	BONUS:VAR|SPHERES_MAGIC_TALENTS|1
16	ABILITY:Special Ability|AUTOMATIC|Hedgewitch Class Features 16	BONUS:VAR|SPHERES_MAGIC_TALENTS|1
17	ABILITY:Special Ability|AUTOMATIC|Hedgewitch Class Features 17
18	ABILITY:Special Ability|AUTOMATIC|Hedgewitch Class Features 18	BONUS:VAR|SPHERES_MAGIC_TALENTS|1
19	ABILITY:Special Ability|AUTOMATIC|Hedgewitch Class Features 19	BONUS:VAR|SPHERES_MAGIC_TALENTS|1
20	ABILITY:Special Ability|AUTOMATIC|Hedgewitch Class Features 20	BONUS:VAR|SPHERES_MAGIC_TALENTS|1
