# Class-table features are rules text unless an explicit PCGen numeric grant is present.
Thaumaturge Invocation Uses (Reference)	CATEGORY:Special Ability	TYPE:SpheresClassFeature	DEFINE:SPHERES_THAUMATURGE_INVOCATION_USES|0	BONUS:VAR|SPHERES_THAUMATURGE_INVOCATION_USES|SPHERES_CASTING_ABILITY+floor(SPHERES_THAUMATURGE_LEVEL/2)	DESC:%SPHERES_THAUMATURGE_INVOCATION_USES uses per day of invocations; only one invocation per roll; apply to qualifying rolls or uses only.
Thaumaturge Invocation DC (Reference)	CATEGORY:Special Ability	TYPE:SpheresClassFeature	DEFINE:SPHERES_THAUMATURGE_INVOCATION_DC|0	BONUS:VAR|SPHERES_THAUMATURGE_INVOCATION_DC|10+floor(SPHERES_THAUMATURGE_LEVEL/2)+SPHERES_CASTING_ABILITY	DESC:%SPHERES_THAUMATURGE_INVOCATION_DC saving throw DC for invocations; apply to qualifying rolls or uses only.
Thaumaturge Forbidden Lore (Reference)	CATEGORY:Special Ability	TYPE:SpheresClassFeature	DEFINE:SPHERES_THAUMATURGE_FORBIDDEN_LORE|0	BONUS:VAR|SPHERES_THAUMATURGE_FORBIDDEN_LORE|2+floor((SPHERES_THAUMATURGE_LEVEL-1)/4)	DESC:%SPHERES_THAUMATURGE_FORBIDDEN_LORE caster-level increase on one qualifying effect when invoked, subject to backlash; not a permanent caster-level increase; apply to qualifying rolls or uses only.
Thaumaturge Class Features 1	CATEGORY:Special Ability	TYPE:SpheresClassFeature	DESC:Level 1: Casting, forbidden lore (+2), invocations, spell pool. See https://spheresofpower.wikidot.com/thaumaturge for effects, timing and prerequisites.
Thaumaturge Class Features 2	CATEGORY:Special Ability	TYPE:SpheresClassFeature	DESC:Level 2: Occult knowledge +1. See https://spheresofpower.wikidot.com/thaumaturge for effects, timing and prerequisites.
Thaumaturge Class Features 3	CATEGORY:Special Ability	TYPE:SpheresClassFeature	DESC:Level 3: Invocations. See https://spheresofpower.wikidot.com/thaumaturge for effects, timing and prerequisites.
Thaumaturge Class Features 4	CATEGORY:Special Ability	TYPE:SpheresClassFeature	DESC:Level 4: Bonus feat. See https://spheresofpower.wikidot.com/thaumaturge for effects, timing and prerequisites.
Thaumaturge Class Features 5	CATEGORY:Special Ability	TYPE:SpheresClassFeature	DESC:Level 5: Forbidden lore (+3). See https://spheresofpower.wikidot.com/thaumaturge for effects, timing and prerequisites.
Thaumaturge Class Features 6	CATEGORY:Special Ability	TYPE:SpheresClassFeature	DESC:Level 6: Occult knowledge +2. See https://spheresofpower.wikidot.com/thaumaturge for effects, timing and prerequisites.
Thaumaturge Class Features 7	CATEGORY:Special Ability	TYPE:SpheresClassFeature	DESC:Level 7: Invocations. See https://spheresofpower.wikidot.com/thaumaturge for effects, timing and prerequisites.
Thaumaturge Class Features 8	CATEGORY:Special Ability	TYPE:SpheresClassFeature	DESC:Level 8: Bonus feat. See https://spheresofpower.wikidot.com/thaumaturge for effects, timing and prerequisites.
Thaumaturge Class Features 9	CATEGORY:Special Ability	TYPE:SpheresClassFeature	DESC:Level 9: Forbidden lore (+4). See https://spheresofpower.wikidot.com/thaumaturge for effects, timing and prerequisites.
Thaumaturge Class Features 10	CATEGORY:Special Ability	TYPE:SpheresClassFeature	DESC:Level 10: Occult knowledge +3. See https://spheresofpower.wikidot.com/thaumaturge for effects, timing and prerequisites.
Thaumaturge Class Features 11	CATEGORY:Special Ability	TYPE:SpheresClassFeature	DESC:Level 11: Invocations. See https://spheresofpower.wikidot.com/thaumaturge for effects, timing and prerequisites.
Thaumaturge Class Features 12	CATEGORY:Special Ability	TYPE:SpheresClassFeature	DESC:Level 12: Bonus feat. See https://spheresofpower.wikidot.com/thaumaturge for effects, timing and prerequisites.
Thaumaturge Class Features 13	CATEGORY:Special Ability	TYPE:SpheresClassFeature	DESC:Level 13: Forbidden lore (+5). See https://spheresofpower.wikidot.com/thaumaturge for effects, timing and prerequisites.
Thaumaturge Class Features 14	CATEGORY:Special Ability	TYPE:SpheresClassFeature	DESC:Level 14: Occult knowledge +4. See https://spheresofpower.wikidot.com/thaumaturge for effects, timing and prerequisites.
Thaumaturge Class Features 15	CATEGORY:Special Ability	TYPE:SpheresClassFeature	DESC:Level 15: Invocations. See https://spheresofpower.wikidot.com/thaumaturge for effects, timing and prerequisites.
Thaumaturge Class Features 16	CATEGORY:Special Ability	TYPE:SpheresClassFeature	DESC:Level 16: Bonus feat. See https://spheresofpower.wikidot.com/thaumaturge for effects, timing and prerequisites.
Thaumaturge Class Features 17	CATEGORY:Special Ability	TYPE:SpheresClassFeature	DESC:Level 17: Forbidden lore (+6). See https://spheresofpower.wikidot.com/thaumaturge for effects, timing and prerequisites.
Thaumaturge Class Features 18	CATEGORY:Special Ability	TYPE:SpheresClassFeature	DESC:Level 18: Occult knowledge +5. See https://spheresofpower.wikidot.com/thaumaturge for effects, timing and prerequisites.
Thaumaturge Class Features 19	CATEGORY:Special Ability	TYPE:SpheresClassFeature	DESC:Level 19: Invocations. See https://spheresofpower.wikidot.com/thaumaturge for effects, timing and prerequisites.
Thaumaturge Class Features 20	CATEGORY:Special Ability	TYPE:SpheresClassFeature	DESC:Level 20: Bonus feat, master invoker. See https://spheresofpower.wikidot.com/thaumaturge for effects, timing and prerequisites.
Thaumaturge Master Invoker - Lingering Blessing	CATEGORY:Thaumaturge Master Invoker	PREVARGTEQ:SPHERES_THAUMATURGE_LEVEL,20	PREABILITY:1,CATEGORY=Thaumaturge Invocations,Thaumaturge Lingering Blessing	DESC:Use Lingering Blessing without expending daily invocation uses. All activation conditions and the one-invocation-per-roll restriction still apply.
Thaumaturge Master Invoker - Lingering Pain	CATEGORY:Thaumaturge Master Invoker	PREVARGTEQ:SPHERES_THAUMATURGE_LEVEL,20	PREABILITY:1,CATEGORY=Thaumaturge Invocations,Thaumaturge Lingering Pain	DESC:Use Lingering Pain without expending daily invocation uses. All activation conditions and the one-invocation-per-roll restriction still apply.
Thaumaturge Master Invoker - Meditation	CATEGORY:Thaumaturge Master Invoker	PREVARGTEQ:SPHERES_THAUMATURGE_LEVEL,20	PREABILITY:1,CATEGORY=Thaumaturge Invocations,Thaumaturge Meditation	DESC:Use Meditation without expending daily invocation uses. All activation conditions and the one-invocation-per-roll restriction still apply.
Thaumaturge Master Invoker - Empowered Attack	CATEGORY:Thaumaturge Master Invoker	PREVARGTEQ:SPHERES_THAUMATURGE_LEVEL,20	PREABILITY:1,CATEGORY=Thaumaturge Invocations,Thaumaturge Empowered Attack	DESC:Use Empowered Attack without expending daily invocation uses. All activation conditions and the one-invocation-per-roll restriction still apply.
Thaumaturge Master Invoker - Empowered Defense	CATEGORY:Thaumaturge Master Invoker	PREVARGTEQ:SPHERES_THAUMATURGE_LEVEL,20	PREABILITY:1,CATEGORY=Thaumaturge Invocations,Thaumaturge Empowered Defense	DESC:Use Empowered Defense without expending daily invocation uses. All activation conditions and the one-invocation-per-roll restriction still apply.
Thaumaturge Master Invoker - Channel Punishment	CATEGORY:Thaumaturge Master Invoker	PREVARGTEQ:SPHERES_THAUMATURGE_LEVEL,20	PREABILITY:1,CATEGORY=Thaumaturge Invocations,Thaumaturge Channel Punishment	DESC:Use Channel Punishment without expending daily invocation uses. All activation conditions and the one-invocation-per-roll restriction still apply.
Thaumaturge Master Invoker - Defensive Invocation	CATEGORY:Thaumaturge Master Invoker	PREVARGTEQ:SPHERES_THAUMATURGE_LEVEL,20	PREABILITY:1,CATEGORY=Thaumaturge Invocations,Thaumaturge Defensive Invocation	DESC:Use Defensive Invocation without expending daily invocation uses. All activation conditions and the one-invocation-per-roll restriction still apply.
Thaumaturge Master Invoker - Item Lore	CATEGORY:Thaumaturge Master Invoker	PREVARGTEQ:SPHERES_THAUMATURGE_LEVEL,20	PREABILITY:1,CATEGORY=Thaumaturge Invocations,Thaumaturge Item Lore	DESC:Use Item Lore without expending daily invocation uses. All activation conditions and the one-invocation-per-roll restriction still apply.
Thaumaturge Master Invoker - Soulfire	CATEGORY:Thaumaturge Master Invoker	PREVARGTEQ:SPHERES_THAUMATURGE_LEVEL,20	PREABILITY:1,CATEGORY=Thaumaturge Invocations,Thaumaturge Soulfire	DESC:Use Soulfire without expending daily invocation uses. All activation conditions and the one-invocation-per-roll restriction still apply.
Thaumaturge Master Invoker - Empowered Resistance	CATEGORY:Thaumaturge Master Invoker	PREVARGTEQ:SPHERES_THAUMATURGE_LEVEL,20	PREABILITY:1,CATEGORY=Thaumaturge Invocations,Thaumaturge Empowered Resistance	DESC:Use Empowered Resistance without expending daily invocation uses. All activation conditions and the one-invocation-per-roll restriction still apply.
Thaumaturge Master Invoker - Flexible Caster	CATEGORY:Thaumaturge Master Invoker	PREVARGTEQ:SPHERES_THAUMATURGE_LEVEL,20	PREABILITY:1,CATEGORY=Thaumaturge Invocations,Thaumaturge Flexible Caster	DESC:Use Flexible Caster without expending daily invocation uses. All activation conditions and the one-invocation-per-roll restriction still apply.
Thaumaturge Occult Knowledge	CATEGORY:Special Ability	TYPE:SpheresClassFeature	BONUS:SKILL|TYPE.Knowledge,Spellcraft,Use Magic Device|min(5,1+floor((SPHERES_THAUMATURGE_LEVEL-2)/4))	DESC:Scaling bonus to Knowledge, Spellcraft and Use Magic Device checks.
Thaumaturge Lingering Blessing	CATEGORY:Thaumaturge Invocations	PREVARGTEQ:SPHERES_THAUMATURGE_LEVEL,1	DESC:At 1st level, when using forbidden lore to augment a spell or sphere effect, the thaumaturge may use an invocation to cause the affected targets to gain 1 temporary hit point per thaumaturge level for 1 round per thaumaturge level.
Thaumaturge Lingering Pain	CATEGORY:Thaumaturge Invocations	PREVARGTEQ:SPHERES_THAUMATURGE_LEVEL,1	DESC:At 1st level, when using forbidden lore to augment a spell or sphere effect, the thaumaturge may use an invocation to cause the affected targets to become sickened for 1 round (Fortitude negates).
Thaumaturge Meditation	CATEGORY:Thaumaturge Invocations	PREVARGTEQ:SPHERES_THAUMATURGE_LEVEL,1	DESC:At 1st level, the thaumaturge may reroll a failed Knowledge check. The thaumaturge may only use this ability once for any given Knowledge check.
Thaumaturge Empowered Attack	CATEGORY:Thaumaturge Invocations	PREVARGTEQ:SPHERES_THAUMATURGE_LEVEL,3	DESC:At 3rd level, when using forbidden lore to augment a spell or sphere effect, the thaumaturge may use an invocation to grant himself a bonus to attack rolls equal to his forbidden lore bonus for a number of rounds equal to his casting ability modifier.
Thaumaturge Empowered Defense	CATEGORY:Thaumaturge Invocations	PREVARGTEQ:SPHERES_THAUMATURGE_LEVEL,3	DESC:At 3rd level, when using forbidden lore to augment a spell or sphere effect, the thaumaturge may use an invocation to grant himself a dodge bonus to AC equal to his forbidden lore bonus for a number of rounds equal to his casting ability modifier.
Thaumaturge Channel Punishment	CATEGORY:Thaumaturge Invocations	PREVARGTEQ:SPHERES_THAUMATURGE_LEVEL,7	DESC:At 7th level, if the thaumaturge suffers backlash when using forbidden lore, he may use an invocation to pass the penalty off to another creature within 30 feet. If that creature is unwilling, they are allowed a Will save to negate this effect. On a successful save, the thaumaturge suffers the effect of the backlash as normal.
Thaumaturge Defensive Invocation	CATEGORY:Thaumaturge Invocations	PREVARGTEQ:SPHERES_THAUMATURGE_LEVEL,7	DESC:At 7th level, before attempting a saving throw, the thaumaturge may use an invocation to add his forbidden lore bonus to the roll.
Thaumaturge Item Lore	CATEGORY:Thaumaturge Invocations	PREVARGTEQ:SPHERES_THAUMATURGE_LEVEL,11	DESC:At 11th level, the thaumaturge may use an invocation to add his forbidden lore bonus to the caster level of a spell-completion or spell-trigger magic item he is wielding for 1 round. This bonus only functions while the item is being wielded by the thaumaturge.
Thaumaturge Soulfire	CATEGORY:Thaumaturge Invocations	PREVARGTEQ:SPHERES_THAUMATURGE_LEVEL,11	DESC:At 11th level, when the thaumaturge suffers backlash from using forbidden lore, he may use an invocation to empower himself. He gains a bonus to attack rolls, saving throws, and a dodge bonus to AC equal to his forbidden lore bonus for a number of rounds equal to his casting ability modifier. This does not negate the penalty gained through the backlash itself.
Thaumaturge Empowered Resistance	CATEGORY:Thaumaturge Invocations	PREVARGTEQ:SPHERES_THAUMATURGE_LEVEL,15	DESC:At 15th level, if the thaumaturge succeeds at a saving throw against an attack that has a reduced effect on a successful save, he may use an invocation to negate the effect entirely.
Thaumaturge Flexible Caster	CATEGORY:Thaumaturge Invocations	PREVARGTEQ:SPHERES_THAUMATURGE_LEVEL,15	DESC:At 15th level, the thaumaturge may use an invocation to gain use of a single magic talent of his choice for 1 minute. He must meet the prerequisites (if any) and he can gain a base sphere he does not already possess with this ability. A thaumaturge may only have one use of flexible caster active at any one time; using this invocation again replaces the previous use.
Thaumaturge Rebuke Death	CATEGORY:Thaumaturge Invocations	PREVARGTEQ:SPHERES_THAUMATURGE_LEVEL,19	DESC:At 19th level, when the thaumaturge is reduced to 0 hit points or fewer, the thaumaturge may use two of his remaining invocations to instead be reduced to 1 hit point. Effects that kill the thaumaturge outright without dealing hit point damage are not affected by this ability.
Thaumaturge Bonus Feats	CATEGORY:Special Ability	TYPE:SpheresClassFeature	DESC:Choose an extra magic talent or feat with casting as a prerequisite every four thaumaturge levels; validate eligibility manually.
