# https://spheresofpower.wikidot.com/thaumaturge (2026-09-24); numeric progression from the source table.
CLASS:Thaumaturge	HD:8	TYPE:Base.PC	MAXLEVEL:20	STARTSKILLPTS:4	CSKILL:TYPE=Craft|Diplomacy|Disguise|Fly|Heal|Intimidate|TYPE=Knowledge|Linguistics|TYPE=Perform|TYPE=Profession|Sense Motive|Spellcraft|Use Magic Device	BONUS:COMBAT|BASEAB|floor(CL*3/4)|TYPE=Base.REPLACE	DEFINE:SPHERES_THAUMATURGE_LEVEL|0	BONUS:VAR|SPHERES_THAUMATURGE_LEVEL|CL	BONUS:SAVE|BASE.Fortitude|floor(CL/3)	BONUS:SAVE|BASE.Reflex|floor(CL/3)	BONUS:SAVE|BASE.Will|2+floor(CL/2)	BONUS:VAR|SPHERES_CASTER_LEVEL,SPHERES_MAGIC_SKILL_BONUS|CL	BONUS:VAR|SPHERES_SPELL_POOL_LEVELS|CL
1	ABILITY:Internal|AUTOMATIC|Weapon Prof ~ Simple|Armor Prof ~ Light	ABILITY:Special Ability|AUTOMATIC|Spheres Casting Core	ABILITY:Special Ability|AUTOMATIC|Thaumaturge Invocation Uses (Reference)	ABILITY:Special Ability|AUTOMATIC|Thaumaturge Forbidden Lore (Reference)	ABILITY:Special Ability|AUTOMATIC|Thaumaturge Class Features 1	ABILITY:Special Ability|AUTOMATIC|Thaumaturge Bonus Feats
2	ABILITY:Special Ability|AUTOMATIC|Thaumaturge Class Features 2	BONUS:VAR|SPHERES_MAGIC_TALENTS|1
3	ABILITY:Special Ability|AUTOMATIC|Thaumaturge Class Features 3
4	ABILITY:Special Ability|AUTOMATIC|Thaumaturge Class Features 4	BONUS:VAR|SPHERES_MAGIC_TALENTS|1
5	ABILITY:Special Ability|AUTOMATIC|Thaumaturge Class Features 5
6	ABILITY:Special Ability|AUTOMATIC|Thaumaturge Class Features 6	BONUS:VAR|SPHERES_MAGIC_TALENTS|1
7	ABILITY:Special Ability|AUTOMATIC|Thaumaturge Class Features 7
8	ABILITY:Special Ability|AUTOMATIC|Thaumaturge Class Features 8	BONUS:VAR|SPHERES_MAGIC_TALENTS|1
9	ABILITY:Special Ability|AUTOMATIC|Thaumaturge Class Features 9
10	ABILITY:Special Ability|AUTOMATIC|Thaumaturge Class Features 10	BONUS:VAR|SPHERES_MAGIC_TALENTS|1
11	ABILITY:Special Ability|AUTOMATIC|Thaumaturge Class Features 11
12	ABILITY:Special Ability|AUTOMATIC|Thaumaturge Class Features 12	BONUS:VAR|SPHERES_MAGIC_TALENTS|1
13	ABILITY:Special Ability|AUTOMATIC|Thaumaturge Class Features 13
14	ABILITY:Special Ability|AUTOMATIC|Thaumaturge Class Features 14	BONUS:VAR|SPHERES_MAGIC_TALENTS|1
15	ABILITY:Special Ability|AUTOMATIC|Thaumaturge Class Features 15
16	ABILITY:Special Ability|AUTOMATIC|Thaumaturge Class Features 16	BONUS:VAR|SPHERES_MAGIC_TALENTS|1
17	ABILITY:Special Ability|AUTOMATIC|Thaumaturge Class Features 17
18	ABILITY:Special Ability|AUTOMATIC|Thaumaturge Class Features 18	BONUS:VAR|SPHERES_MAGIC_TALENTS|1
19	ABILITY:Special Ability|AUTOMATIC|Thaumaturge Class Features 19
20	ABILITY:Special Ability|AUTOMATIC|Thaumaturge Class Features 20	BONUS:VAR|SPHERES_MAGIC_TALENTS|1
