# Manual approval only for source prerequisites not modeled by PCGen.
Reviewed - Spheres Trait ~ Additional Medium	CATEGORY:Spheres Trait Adjudication	COST:0	DESC:Approve unsupported prerequisites manually; does not grant a trait or its effects: Limited Warp [Warp] drawback
Reviewed - Spheres Trait ~ Ammo Gatherer	CATEGORY:Spheres Trait Adjudication	COST:0	DESC:Approve unsupported prerequisites manually; does not grant a trait or its effects: GM approval and setting/tradition eligibility for Campaign trait
Reviewed - Spheres Trait ~ Artificery Training	CATEGORY:Spheres Trait Adjudication	COST:0	DESC:Approve unsupported prerequisites manually; does not grant a trait or its effects: GM approval and setting/tradition eligibility for Tradition trait
Reviewed - Spheres Trait ~ Bardic Training	CATEGORY:Spheres Trait Adjudication	COST:0	DESC:Approve unsupported prerequisites manually; does not grant a trait or its effects: GM approval and setting/tradition eligibility for Tradition trait
Reviewed - Spheres Trait ~ Big Shoes to Fill	CATEGORY:Spheres Trait Adjudication	COST:0	DESC:Approve unsupported prerequisites manually; does not grant a trait or its effects: GM approval and setting/tradition eligibility for Legacy trait
Reviewed - Spheres Trait ~ Blood Training	CATEGORY:Spheres Trait Adjudication	COST:0	DESC:Approve unsupported prerequisites manually; does not grant a trait or its effects: GM approval and setting/tradition eligibility for Tradition trait
Reviewed - Spheres Trait ~ Clerical Training	CATEGORY:Spheres Trait Adjudication	COST:0	DESC:Approve unsupported prerequisites manually; does not grant a trait or its effects: GM approval and setting/tradition eligibility for Tradition trait
Reviewed - Spheres Trait ~ Conscious Cultist	CATEGORY:Spheres Trait Adjudication	COST:0	DESC:Approve unsupported prerequisites manually; does not grant a trait or its effects: You must openly belong to a community of psychic influence; such as an agency or guild; and have experience with esoteric rituals and incantations
Reviewed - Spheres Trait ~ Crafter’s Lessons	CATEGORY:Spheres Trait Adjudication	COST:0	DESC:Approve unsupported prerequisites manually; does not grant a trait or its effects: GM approval and setting/tradition eligibility for Legacy trait
Reviewed - Spheres Trait ~ Cryptwood Survivor	CATEGORY:Spheres Trait Adjudication	COST:0	DESC:Approve unsupported prerequisites manually; does not grant a trait or its effects: GM approval and setting/tradition eligibility for Campaign trait
Reviewed - Spheres Trait ~ Defender Of The Faith	CATEGORY:Spheres Trait Adjudication	COST:0	DESC:Approve unsupported prerequisites manually; does not grant a trait or its effects: You must openly belong to a publicly known religious organization
Reviewed - Spheres Trait ~ Disciple of the Hero	CATEGORY:Spheres Trait Adjudication	COST:0	DESC:Approve unsupported prerequisites manually; does not grant a trait or its effects: GM approval and setting/tradition eligibility for Legacy trait
Reviewed - Spheres Trait ~ Dragon Training	CATEGORY:Spheres Trait Adjudication	COST:0	DESC:Approve unsupported prerequisites manually; does not grant a trait or its effects: GM approval and setting/tradition eligibility for Tradition trait
Reviewed - Spheres Trait ~ Druidic Training	CATEGORY:Spheres Trait Adjudication	COST:0	DESC:Approve unsupported prerequisites manually; does not grant a trait or its effects: GM approval and setting/tradition eligibility for Tradition trait
Reviewed - Spheres Trait ~ Dual Creation	CATEGORY:Spheres Trait Adjudication	COST:0	DESC:Approve unsupported prerequisites manually; does not grant a trait or its effects: Limited Material [Creation] drawback
Reviewed - Spheres Trait ~ Dual Limit	CATEGORY:Spheres Trait Adjudication	COST:0	DESC:Approve unsupported prerequisites manually; does not grant a trait or its effects: Limited Telekinesis [Telekinesis] drawback
Reviewed - Spheres Trait ~ Fey Magic Training	CATEGORY:Spheres Trait Adjudication	COST:0	DESC:Approve unsupported prerequisites manually; does not grant a trait or its effects: GM approval and setting/tradition eligibility for Tradition trait
Reviewed - Spheres Trait ~ Grove Neophyte	CATEGORY:Spheres Trait Adjudication	COST:0	DESC:Approve unsupported prerequisites manually; does not grant a trait or its effects: You must openly worship a spirit of nature; be it an element; ideal or actual spirit
Reviewed - Spheres Trait ~ Guided Magic	CATEGORY:Spheres Trait Adjudication	COST:0	DESC:Approve unsupported prerequisites manually; does not grant a trait or its effects: GM approval and setting/tradition eligibility for Legacy trait
Reviewed - Spheres Trait ~ Honor the Fallen	CATEGORY:Spheres Trait Adjudication	COST:0	DESC:Approve unsupported prerequisites manually; does not grant a trait or its effects: GM approval and setting/tradition eligibility for Legacy trait
Reviewed - Spheres Trait ~ Inherent Spark	CATEGORY:Spheres Trait Adjudication	COST:0	DESC:Approve unsupported prerequisites manually; does not grant a trait or its effects: GM approval and setting/tradition eligibility for Tradition trait
Reviewed - Spheres Trait ~ Kolean Researcher	CATEGORY:Spheres Trait Adjudication	COST:0	DESC:Approve unsupported prerequisites manually; does not grant a trait or its effects: GM approval and setting/tradition eligibility for Campaign trait
Reviewed - Spheres Trait ~ Mystic Training	CATEGORY:Spheres Trait Adjudication	COST:0	DESC:Approve unsupported prerequisites manually; does not grant a trait or its effects: GM approval and setting/tradition eligibility for Tradition trait
Reviewed - Spheres Trait ~ Pact Magic Training	CATEGORY:Spheres Trait Adjudication	COST:0	DESC:Approve unsupported prerequisites manually; does not grant a trait or its effects: GM approval and setting/tradition eligibility for Tradition trait
Reviewed - Spheres Trait ~ Psychic Training	CATEGORY:Spheres Trait Adjudication	COST:0	DESC:Approve unsupported prerequisites manually; does not grant a trait or its effects: GM approval and setting/tradition eligibility for Tradition trait
Reviewed - Spheres Trait ~ Raised in Prosperity	CATEGORY:Spheres Trait Adjudication	COST:0	DESC:Approve unsupported prerequisites manually; does not grant a trait or its effects: GM approval and setting/tradition eligibility for Legacy trait
Reviewed - Spheres Trait ~ Rapid Preparation	CATEGORY:Spheres Trait Adjudication	COST:0	DESC:Approve unsupported prerequisites manually; does not grant a trait or its effects: Survivalism sphere [harvest] package
Reviewed - Spheres Trait ~ Ration Scavenger	CATEGORY:Spheres Trait Adjudication	COST:0	DESC:Approve unsupported prerequisites manually; does not grant a trait or its effects: GM approval and setting/tradition eligibility for Campaign trait
Reviewed - Spheres Trait ~ Readied Blade	CATEGORY:Spheres Trait Adjudication	COST:0	DESC:Approve unsupported prerequisites manually; does not grant a trait or its effects: GM approval and setting/tradition eligibility for Legacy trait
Reviewed - Spheres Trait ~ Shifty	CATEGORY:Spheres Trait Adjudication	COST:0	DESC:Approve unsupported prerequisites manually; does not grant a trait or its effects: GM approval and setting/tradition eligibility for Campaign trait
Reviewed - Spheres Trait ~ Skeptic	CATEGORY:Spheres Trait Adjudication	COST:0	DESC:Approve unsupported prerequisites manually; does not grant a trait or its effects: GM approval and setting/tradition eligibility for Campaign trait
Reviewed - Spheres Trait ~ Skyport Cartographer	CATEGORY:Spheres Trait Adjudication	COST:0	DESC:Approve unsupported prerequisites manually; does not grant a trait or its effects: GM approval and setting/tradition eligibility for Campaign trait
Reviewed - Spheres Trait ~ Social Butterfly	CATEGORY:Spheres Trait Adjudication	COST:0	DESC:Approve unsupported prerequisites manually; does not grant a trait or its effects: Communication sphere
Reviewed - Spheres Trait ~ Sorcerous Training	CATEGORY:Spheres Trait Adjudication	COST:0	DESC:Approve unsupported prerequisites manually; does not grant a trait or its effects: GM approval and setting/tradition eligibility for Tradition trait
Reviewed - Spheres Trait ~ Spiritual Training	CATEGORY:Spheres Trait Adjudication	COST:0	DESC:Approve unsupported prerequisites manually; does not grant a trait or its effects: GM approval and setting/tradition eligibility for Tradition trait
Reviewed - Spheres Trait ~ Triggered	CATEGORY:Spheres Trait Adjudication	COST:0	DESC:Approve unsupported prerequisites manually; does not grant a trait or its effects: GM approval and setting/tradition eligibility for Campaign trait
Reviewed - Spheres Trait ~ Wisdom of the Master	CATEGORY:Spheres Trait Adjudication	COST:0	DESC:Approve unsupported prerequisites manually; does not grant a trait or its effects: GM approval and setting/tradition eligibility for Legacy trait
Reviewed - Spheres Trait ~ Wizardry Training	CATEGORY:Spheres Trait Adjudication	COST:0	DESC:Approve unsupported prerequisites manually; does not grant a trait or its effects: GM approval and setting/tradition eligibility for Tradition trait
