# https://spheresofpower.wikidot.com/commander (2026-09-24); numeric progression from the source table.
CLASS:Commander	HD:8	TYPE:Base.PC	MAXLEVEL:20	STARTSKILLPTS:6	CSKILL:Appraise|Bluff|Climb|TYPE=Craft|Diplomacy|Handle Animal|Intimidate|Knowledge (Engineering)|Knowledge (Geography)|Knowledge (History)|Knowledge (Local)|Knowledge (Nobility)|Linguistics|Perception|TYPE=Profession|Ride|Sense Motive|Survival|Swim	BONUS:COMBAT|BASEAB|floor(CL*3/4)|TYPE=Base.REPLACE	DEFINE:SPHERES_COMMANDER_LEVEL|0	BONUS:VAR|SPHERES_COMMANDER_LEVEL|CL	BONUS:SAVE|BASE.Fortitude|2+floor(CL/2)	BONUS:SAVE|BASE.Reflex|floor(CL/3)	BONUS:SAVE|BASE.Will|2+floor(CL/2)	DEFINE:SPHERES_COMBAT_TALENTS|0	DEFINE:SPHERES_PRACTITIONER_MOD|0
1	ABILITY:Internal|AUTOMATIC|Weapon Prof ~ Simple|Armor Prof ~ Light	AUTO:SHIELDPROF|Buckler	ABILITY:Special Ability|AUTOMATIC|Commander Combat Training	ABILITY:Special Ability|AUTOMATIC|Commander Group Focus Uses (Reference)	ABILITY:Special Ability|AUTOMATIC|Commander Active Enhanced Tactics (Reference)	ABILITY:Special Ability|AUTOMATIC|Commander Class Features 1	ABILITY:Special Ability|AUTOMATIC|Commander Tactics
2	ABILITY:Special Ability|AUTOMATIC|Commander Class Features 2	BONUS:VAR|SPHERES_COMBAT_TALENTS|1
3	ABILITY:Special Ability|AUTOMATIC|Commander Class Features 3	BONUS:VAR|SPHERES_COMBAT_TALENTS|1
4	ABILITY:Special Ability|AUTOMATIC|Commander Class Features 4	BONUS:VAR|SPHERES_COMBAT_TALENTS|1
5	ABILITY:Special Ability|AUTOMATIC|Commander Class Features 5
6	ABILITY:Special Ability|AUTOMATIC|Commander Class Features 6	BONUS:VAR|SPHERES_COMBAT_TALENTS|1
7	ABILITY:Special Ability|AUTOMATIC|Commander Class Features 7	BONUS:VAR|SPHERES_COMBAT_TALENTS|1
8	ABILITY:Special Ability|AUTOMATIC|Commander Class Features 8	BONUS:VAR|SPHERES_COMBAT_TALENTS|1
9	ABILITY:Special Ability|AUTOMATIC|Commander Class Features 9
10	ABILITY:Special Ability|AUTOMATIC|Commander Class Features 10	BONUS:VAR|SPHERES_COMBAT_TALENTS|1
11	ABILITY:Special Ability|AUTOMATIC|Commander Class Features 11	BONUS:VAR|SPHERES_COMBAT_TALENTS|1
12	ABILITY:Special Ability|AUTOMATIC|Commander Class Features 12	BONUS:VAR|SPHERES_COMBAT_TALENTS|1
13	ABILITY:Special Ability|AUTOMATIC|Commander Class Features 13
14	ABILITY:Special Ability|AUTOMATIC|Commander Class Features 14	BONUS:VAR|SPHERES_COMBAT_TALENTS|1
15	ABILITY:Special Ability|AUTOMATIC|Commander Class Features 15	BONUS:VAR|SPHERES_COMBAT_TALENTS|1
16	ABILITY:Special Ability|AUTOMATIC|Commander Class Features 16	BONUS:VAR|SPHERES_COMBAT_TALENTS|1
17	ABILITY:Special Ability|AUTOMATIC|Commander Class Features 17
18	ABILITY:Special Ability|AUTOMATIC|Commander Class Features 18	BONUS:VAR|SPHERES_COMBAT_TALENTS|1
19	ABILITY:Special Ability|AUTOMATIC|Commander Class Features 19	BONUS:VAR|SPHERES_COMBAT_TALENTS|1
20	ABILITY:Special Ability|AUTOMATIC|Commander Class Features 20	BONUS:VAR|SPHERES_COMBAT_TALENTS|1
