# Generated by tools/spheres_traditions.py.
# The Oathbound Casting drawback names five Oaths; the others need permission.
Reviewed - Forbidden Knowledge (greater severance)	CATEGORY:Spheres Oath Adjudication	COST:0	DESC:GM approval required: Oathbound Casting names only five Oaths, so Forbidden Knowledge (greater severance) needs permission, as the source allows: "With GM permission, other Oaths or paladin/antipaladin codes can be selected as well."
Reviewed - Forbidden Knowledge (lesser severance)	CATEGORY:Spheres Oath Adjudication	COST:0	DESC:GM approval required: Oathbound Casting names only five Oaths, so Forbidden Knowledge (lesser severance) needs permission, as the source allows: "With GM permission, other Oaths or paladin/antipaladin codes can be selected as well."
Reviewed - Oath against Artifice	CATEGORY:Spheres Oath Adjudication	COST:0	DESC:GM approval required: Oathbound Casting names only five Oaths, so Oath against Artifice needs permission, as the source allows: "With GM permission, other Oaths or paladin/antipaladin codes can be selected as well."
Reviewed - Oath against Magic	CATEGORY:Spheres Oath Adjudication	COST:0	DESC:GM approval required: Oathbound Casting names only five Oaths, so Oath against Magic needs permission, as the source allows: "With GM permission, other Oaths or paladin/antipaladin codes can be selected as well."
Reviewed - Oath of Abstention	CATEGORY:Spheres Oath Adjudication	COST:0	DESC:GM approval required: Oathbound Casting names only five Oaths, so Oath of Abstention needs permission, as the source allows: "With GM permission, other Oaths or paladin/antipaladin codes can be selected as well."
Reviewed - Oath of Burdens	CATEGORY:Spheres Oath Adjudication	COST:0	DESC:GM approval required: Oathbound Casting names only five Oaths, so Oath of Burdens needs permission, as the source allows: "With GM permission, other Oaths or paladin/antipaladin codes can be selected as well."
Reviewed - Oath of Candor	CATEGORY:Spheres Oath Adjudication	COST:0	DESC:GM approval required: Oathbound Casting names only five Oaths, so Oath of Candor needs permission, as the source allows: "With GM permission, other Oaths or paladin/antipaladin codes can be selected as well."
Reviewed - Oath of Celibacy	CATEGORY:Spheres Oath Adjudication	COST:0	DESC:GM approval required: Oathbound Casting names only five Oaths, so Oath of Celibacy needs permission, as the source allows: "With GM permission, other Oaths or paladin/antipaladin codes can be selected as well."
Reviewed - Oath of Deliberation	CATEGORY:Spheres Oath Adjudication	COST:0	DESC:GM approval required: Oathbound Casting names only five Oaths, so Oath of Deliberation needs permission, as the source allows: "With GM permission, other Oaths or paladin/antipaladin codes can be selected as well."
Reviewed - Oath of Devotion	CATEGORY:Spheres Oath Adjudication	COST:0	DESC:GM approval required: Oathbound Casting names only five Oaths, so Oath of Devotion needs permission, as the source allows: "With GM permission, other Oaths or paladin/antipaladin codes can be selected as well."
Reviewed - Oath of Expedience	CATEGORY:Spheres Oath Adjudication	COST:0	DESC:GM approval required: Oathbound Casting names only five Oaths, so Oath of Expedience needs permission, as the source allows: "With GM permission, other Oaths or paladin/antipaladin codes can be selected as well."
Reviewed - Oath of Honor	CATEGORY:Spheres Oath Adjudication	COST:0	DESC:GM approval required: Oathbound Casting names only five Oaths, so Oath of Honor needs permission, as the source allows: "With GM permission, other Oaths or paladin/antipaladin codes can be selected as well."
Reviewed - Oath of Humility	CATEGORY:Spheres Oath Adjudication	COST:0	DESC:GM approval required: Oathbound Casting names only five Oaths, so Oath of Humility needs permission, as the source allows: "With GM permission, other Oaths or paladin/antipaladin codes can be selected as well."
Reviewed - Oath of Ignorance	CATEGORY:Spheres Oath Adjudication	COST:0	DESC:GM approval required: Oathbound Casting names only five Oaths, so Oath of Ignorance needs permission, as the source allows: "With GM permission, other Oaths or paladin/antipaladin codes can be selected as well."
Reviewed - Oath of Offerings	CATEGORY:Spheres Oath Adjudication	COST:0	DESC:GM approval required: Oathbound Casting names only five Oaths, so Oath of Offerings needs permission, as the source allows: "With GM permission, other Oaths or paladin/antipaladin codes can be selected as well."
Reviewed - Oath of Poverty	CATEGORY:Spheres Oath Adjudication	COST:0	DESC:GM approval required: Oathbound Casting names only five Oaths, so Oath of Poverty needs permission, as the source allows: "With GM permission, other Oaths or paladin/antipaladin codes can be selected as well."
Reviewed - Oath of Ritual	CATEGORY:Spheres Oath Adjudication	COST:0	DESC:GM approval required: Oathbound Casting names only five Oaths, so Oath of Ritual needs permission, as the source allows: "With GM permission, other Oaths or paladin/antipaladin codes can be selected as well."
Reviewed - Oath of Wardenship	CATEGORY:Spheres Oath Adjudication	COST:0	DESC:GM approval required: Oathbound Casting names only five Oaths, so Oath of Wardenship needs permission, as the source allows: "With GM permission, other Oaths or paladin/antipaladin codes can be selected as well."
Reviewed - Oath of the Cryptkeeper	CATEGORY:Spheres Oath Adjudication	COST:0	DESC:GM approval required: Oathbound Casting names only five Oaths, so Oath of the Cryptkeeper needs permission, as the source allows: "With GM permission, other Oaths or paladin/antipaladin codes can be selected as well."
