# https://spheresofpower.wikidot.com/blacksmith (2026-09-24); numeric progression from the source table.
CLASS:Blacksmith	HD:10	TYPE:Base.PC	MAXLEVEL:20	STARTSKILLPTS:4	CSKILL:Appraise|Climb|TYPE=Craft|Disable Device|Intimidate|Knowledge (Engineering)|Knowledge (Local)|Perception|TYPE=Profession|Survival|Swim|Use Magic Device	BONUS:COMBAT|BASEAB|CL|TYPE=Base.REPLACE	DEFINE:SPHERES_BLACKSMITH_LEVEL|0	BONUS:VAR|SPHERES_BLACKSMITH_LEVEL|CL	BONUS:SAVE|BASE.Fortitude|2+floor(CL/2)	BONUS:SAVE|BASE.Reflex|floor(CL/3)	BONUS:SAVE|BASE.Will|2+floor(CL/2)	DEFINE:SPHERES_COMBAT_TALENTS|0	DEFINE:SPHERES_PRACTITIONER_MOD|0
1	ABILITY:Internal|AUTOMATIC|Weapon Prof ~ Simple|Armor Prof ~ Light	AUTO:SHIELDPROF|Buckler	ABILITY:Special Ability|AUTOMATIC|Blacksmith Combat Training	ABILITY:Special Ability|AUTOMATIC|Blacksmith Thunderous Blows Dice (Reference)	ABILITY:Special Ability|AUTOMATIC|Blacksmith Class Features 1	BONUS:VAR|SPHERES_COMBAT_TALENTS|1	ABILITY:Special Ability|AUTOMATIC|Blacksmith Equipment Specialist
2	BONUS:SKILL|Profession (Blacksmith)|max(1,floor(SPHERES_BLACKSMITH_LEVEL/2))|TYPE=Competence	ABILITY:Special Ability|AUTOMATIC|Blacksmith Class Features 2	BONUS:VAR|SPHERES_COMBAT_TALENTS|1
3	ABILITY:FEAT|AUTOMATIC|Craft Wondrous Item	ABILITY:Special Ability|AUTOMATIC|Blacksmith Class Features 3	BONUS:VAR|SPHERES_COMBAT_TALENTS|1
4	ABILITY:Special Ability|AUTOMATIC|Blacksmith Class Features 4	BONUS:VAR|SPHERES_COMBAT_TALENTS|1
5	ABILITY:FEAT|AUTOMATIC|Craft Magic Arms and Armor	ABILITY:Special Ability|AUTOMATIC|Blacksmith Class Features 5	BONUS:VAR|SPHERES_COMBAT_TALENTS|1
6	ABILITY:Special Ability|AUTOMATIC|Blacksmith Class Features 6	BONUS:VAR|SPHERES_COMBAT_TALENTS|1
7	ABILITY:Special Ability|AUTOMATIC|Blacksmith Class Features 7	BONUS:VAR|SPHERES_COMBAT_TALENTS|1
8	ABILITY:Special Ability|AUTOMATIC|Blacksmith Class Features 8	BONUS:VAR|SPHERES_COMBAT_TALENTS|1
9	ABILITY:Special Ability|AUTOMATIC|Blacksmith Class Features 9	BONUS:VAR|SPHERES_COMBAT_TALENTS|1
10	ABILITY:Special Ability|AUTOMATIC|Blacksmith Class Features 10	BONUS:VAR|SPHERES_COMBAT_TALENTS|1
11	ABILITY:Special Ability|AUTOMATIC|Blacksmith Class Features 11	BONUS:VAR|SPHERES_COMBAT_TALENTS|1
12	ABILITY:Special Ability|AUTOMATIC|Blacksmith Class Features 12	BONUS:VAR|SPHERES_COMBAT_TALENTS|1
13	ABILITY:Special Ability|AUTOMATIC|Blacksmith Class Features 13	BONUS:VAR|SPHERES_COMBAT_TALENTS|1
14	ABILITY:Special Ability|AUTOMATIC|Blacksmith Class Features 14	BONUS:VAR|SPHERES_COMBAT_TALENTS|1
15	ABILITY:Special Ability|AUTOMATIC|Blacksmith Class Features 15	BONUS:VAR|SPHERES_COMBAT_TALENTS|1
16	ABILITY:Special Ability|AUTOMATIC|Blacksmith Class Features 16	BONUS:VAR|SPHERES_COMBAT_TALENTS|1
17	ABILITY:Special Ability|AUTOMATIC|Blacksmith Class Features 17	BONUS:VAR|SPHERES_COMBAT_TALENTS|1
18	ABILITY:Special Ability|AUTOMATIC|Blacksmith Class Features 18	BONUS:VAR|SPHERES_COMBAT_TALENTS|1
19	ABILITY:Special Ability|AUTOMATIC|Blacksmith Class Features 19	BONUS:VAR|SPHERES_COMBAT_TALENTS|1
20	ABILITY:Special Ability|AUTOMATIC|Blacksmith Class Features 20	BONUS:VAR|SPHERES_COMBAT_TALENTS|1
